Archive member included because of file (symbol)

d:/software/dave_4-4-2_64bit_2018-02-23/dave_4-4-2_64bit_2018-02-23/dave-ide-4.4.2-64bit/dave-ide-4.4.2-64bit/eclipse/arm-gcc-49/bin/../lib/gcc/arm-none-eabi/4.9.3/armv6-m\libgcc.a(_arm_cmpsf2.o)
                              ./DeviceOperation/operation/op_config.o (__aeabi_fcmpgt)
d:/software/dave_4-4-2_64bit_2018-02-23/dave_4-4-2_64bit_2018-02-23/dave-ide-4.4.2-64bit/dave-ide-4.4.2-64bit/eclipse/arm-gcc-49/bin/../lib/gcc/arm-none-eabi/4.9.3/armv6-m\libgcc.a(eqsf2.o)
                              d:/software/dave_4-4-2_64bit_2018-02-23/dave_4-4-2_64bit_2018-02-23/dave-ide-4.4.2-64bit/dave-ide-4.4.2-64bit/eclipse/arm-gcc-49/bin/../lib/gcc/arm-none-eabi/4.9.3/armv6-m\libgcc.a(_arm_cmpsf2.o) (__eqsf2)
d:/software/dave_4-4-2_64bit_2018-02-23/dave_4-4-2_64bit_2018-02-23/dave-ide-4.4.2-64bit/dave-ide-4.4.2-64bit/eclipse/arm-gcc-49/bin/../lib/gcc/arm-none-eabi/4.9.3/armv6-m\libgcc.a(gesf2.o)
                              d:/software/dave_4-4-2_64bit_2018-02-23/dave_4-4-2_64bit_2018-02-23/dave-ide-4.4.2-64bit/dave-ide-4.4.2-64bit/eclipse/arm-gcc-49/bin/../lib/gcc/arm-none-eabi/4.9.3/armv6-m\libgcc.a(_arm_cmpsf2.o) (__gesf2)
d:/software/dave_4-4-2_64bit_2018-02-23/dave_4-4-2_64bit_2018-02-23/dave-ide-4.4.2-64bit/dave-ide-4.4.2-64bit/eclipse/arm-gcc-49/bin/../lib/gcc/arm-none-eabi/4.9.3/armv6-m\libgcc.a(lesf2.o)
                              d:/software/dave_4-4-2_64bit_2018-02-23/dave_4-4-2_64bit_2018-02-23/dave-ide-4.4.2-64bit/dave-ide-4.4.2-64bit/eclipse/arm-gcc-49/bin/../lib/gcc/arm-none-eabi/4.9.3/armv6-m\libgcc.a(_arm_cmpsf2.o) (__lesf2)
d:/software/dave_4-4-2_64bit_2018-02-23/dave_4-4-2_64bit_2018-02-23/dave-ide-4.4.2-64bit/dave-ide-4.4.2-64bit/eclipse/arm-gcc-49/bin/../lib/gcc/arm-none-eabi/4.9.3/../../../../arm-none-eabi/lib/armv6-m\libg_nano.a(lib_a-errno.o)
                              ./Libraries/Newlib/syscalls.o (__errno)
d:/software/dave_4-4-2_64bit_2018-02-23/dave_4-4-2_64bit_2018-02-23/dave-ide-4.4.2-64bit/dave-ide-4.4.2-64bit/eclipse/arm-gcc-49/bin/../lib/gcc/arm-none-eabi/4.9.3/../../../../arm-none-eabi/lib/armv6-m\libg_nano.a(lib_a-impure.o)
                              d:/software/dave_4-4-2_64bit_2018-02-23/dave_4-4-2_64bit_2018-02-23/dave-ide-4.4.2-64bit/dave-ide-4.4.2-64bit/eclipse/arm-gcc-49/bin/../lib/gcc/arm-none-eabi/4.9.3/../../../../arm-none-eabi/lib/armv6-m\libg_nano.a(lib_a-errno.o) (_impure_ptr)
d:/software/dave_4-4-2_64bit_2018-02-23/dave_4-4-2_64bit_2018-02-23/dave-ide-4.4.2-64bit/dave-ide-4.4.2-64bit/eclipse/arm-gcc-49/bin/../lib/gcc/arm-none-eabi/4.9.3/../../../../arm-none-eabi/lib/armv6-m\libg_nano.a(lib_a-init.o)
                              ./Startup/startup_XMC1400.o (__libc_init_array)
d:/software/dave_4-4-2_64bit_2018-02-23/dave_4-4-2_64bit_2018-02-23/dave-ide-4.4.2-64bit/dave-ide-4.4.2-64bit/eclipse/arm-gcc-49/bin/../lib/gcc/arm-none-eabi/4.9.3/../../../../arm-none-eabi/lib/armv6-m\libg_nano.a(lib_a-memcpy.o)
                              ./DeviceOperation/interrupts/interrupt_handler.o (memcpy)

Allocating common symbols
Common symbol       size              file

pcsVoltages         0x8               ./DeviceOperation/operation/op_config.o
sysTickFlag         0x1               ./DeviceOperation/operation/op_config.o
temporaryStatus     0x1               ./DeviceOperation/operation/op_config.o
flag_rtc            0x1               ./DeviceOperation/operation/op_config.o
pvHShake            0x8               ./DeviceOperation/operation/op_config.o
bmsSensor           0x8               ./DeviceOperation/operation/op_config.o
pcsPVconvStatus     0x4               ./DeviceOperation/operation/op_config.o
rtcDate             0x4               ./DeviceOperation/operation/op_config.o
flag_error          0x1               ./DeviceOperation/operation/op_config.o
pcsACinvStatus      0x4               ./DeviceOperation/operation/op_config.o
controlFlag         0x6               ./DeviceOperation/operation/op_config.o
pcsCurrents         0x8               ./DeviceOperation/operation/op_config.o
enable_bt           0x1               ./DeviceOperation/operation/op_config.o
flag_pcs            0x1               ./DeviceOperation/operation/op_config.o
pduSensorRaw        0x8               ./DeviceOperation/operation/op_config.o
pcsBatconvStatus    0x4               ./DeviceOperation/operation/op_config.o
esp32DataPack       0x5c              ./DeviceOperation/operation/op_config.o
flag_pdu            0x1               ./DeviceOperation/operation/op_config.o
flag_pcsBlockIsStandby
                    0x1               ./DeviceOperation/operation/op_config.o
mcuState            0x1               ./DeviceOperation/operation/op_config.o
pduSensorAvg        0x14              ./DeviceOperation/operation/op_config.o
sysTickHandle       0x6               ./DeviceOperation/operation/op_config.o
buffer              0x12c             ./DeviceOperation/operation/op_config.o
[...]
Memory Configuration

Name             Origin             Length             Attributes
FLASH            0x10001000         0x00032000         xr
SRAM             0x20000000         0x00004000         !xr
*default*        0x00000000         0xffffffff

Linker script and memory map

LOAD ./Startup/startup_XMC1400.o
LOAD ./Startup/system_XMC1400.o
LOAD ./Libraries/XMCLib/src/xmc1_eru.o
LOAD ./Libraries/XMCLib/src/xmc1_flash.o
LOAD ./Libraries/XMCLib/src/xmc1_gpio.o
LOAD ./Libraries/XMCLib/src/xmc1_rtc.o
LOAD ./Libraries/XMCLib/src/xmc1_scu.o
LOAD ./Libraries/XMCLib/src/xmc_acmp.o
LOAD ./Libraries/XMCLib/src/xmc_bccu.o
LOAD ./Libraries/XMCLib/src/xmc_can.o
LOAD ./Libraries/XMCLib/src/xmc_ccu4.o
LOAD ./Libraries/XMCLib/src/xmc_ccu8.o
LOAD ./Libraries/XMCLib/src/xmc_common.o
LOAD ./Libraries/XMCLib/src/xmc_eru.o
LOAD ./Libraries/XMCLib/src/xmc_gpio.o
LOAD ./Libraries/XMCLib/src/xmc_i2c.o
LOAD ./Libraries/XMCLib/src/xmc_i2s.o
LOAD ./Libraries/XMCLib/src/xmc_ledts.o
LOAD ./Libraries/XMCLib/src/xmc_math.o
LOAD ./Libraries/XMCLib/src/xmc_pau.o
LOAD ./Libraries/XMCLib/src/xmc_posif.o
LOAD ./Libraries/XMCLib/src/xmc_prng.o
LOAD ./Libraries/XMCLib/src/xmc_rtc.o
LOAD ./Libraries/XMCLib/src/xmc_spi.o
LOAD ./Libraries/XMCLib/src/xmc_uart.o
LOAD ./Libraries/XMCLib/src/xmc_usic.o
LOAD ./Libraries/XMCLib/src/xmc_vadc.o
LOAD ./Libraries/XMCLib/src/xmc_wdt.o
LOAD ./Libraries/Newlib/syscalls.o
LOAD ./DeviceOperation/operation/op_config.o
LOAD ./DeviceOperation/interrupts/interrupt_handler.o
LOAD ./DeviceOperation/GlobalVariable/global_var.o
LOAD ./DeviceObject/rs232/rs232_operation.o
LOAD ./DeviceObject/rs232/rs232_operation_conf.o
LOAD ./DeviceObject/pdu/pdu_operation.o
LOAD ./DeviceObject/pdu/pdu_operation_conf.o
LOAD ./DeviceObject/pcs/pcs_operation.o
LOAD ./DeviceObject/pcs/pcs_operation_conf.o
LOAD ./DeviceObject/miscellaneous/misc_operation.o
LOAD ./DeviceObject/miscellaneous/misc_operation_conf.o
LOAD ./DeviceObject/mathfunction/mathfunc_operation.o
LOAD ./DeviceObject/infotainment/info_operation.o
LOAD ./DeviceObject/infotainment/info_operation_conf.o
LOAD ./DeviceObject/geenix/geenix_operation.o
LOAD ./DeviceObject/geenix/geenix_operation_conf.o
LOAD ./DeviceObject/esp32/esp32_operation.o
LOAD ./DeviceObject/esp32/esp32_operation_conf.o
LOAD ./main.o
LOAD d:/software/dave_4-4-2_64bit_2018-02-23/dave_4-4-2_64bit_2018-02-23/dave-ide-4.4.2-64bit/dave-ide-4.4.2-64bit/eclipse/arm-gcc-49/bin/../lib/gcc/arm-none-eabi/4.9.3/../../../../arm-none-eabi/lib/armv6-m\libm.a
START GROUP
LOAD d:/software/dave_4-4-2_64bit_2018-02-23/dave_4-4-2_64bit_2018-02-23/dave-ide-4.4.2-64bit/dave-ide-4.4.2-64bit/eclipse/arm-gcc-49/bin/../lib/gcc/arm-none-eabi/4.9.3/armv6-m\libgcc.a
LOAD d:/software/dave_4-4-2_64bit_2018-02-23/dave_4-4-2_64bit_2018-02-23/dave-ide-4.4.2-64bit/dave-ide-4.4.2-64bit/eclipse/arm-gcc-49/bin/../lib/gcc/arm-none-eabi/4.9.3/../../../../arm-none-eabi/lib/armv6-m\libg_nano.a
LOAD d:/software/dave_4-4-2_64bit_2018-02-23/dave_4-4-2_64bit_2018-02-23/dave-ide-4.4.2-64bit/dave-ide-4.4.2-64bit/eclipse/arm-gcc-49/bin/../lib/gcc/arm-none-eabi/4.9.3/../../../../arm-none-eabi/lib/armv6-m\libc_nano.a
END GROUP
START GROUP
LOAD d:/software/dave_4-4-2_64bit_2018-02-23/dave_4-4-2_64bit_2018-02-23/dave-ide-4.4.2-64bit/dave-ide-4.4.2-64bit/eclipse/arm-gcc-49/bin/../lib/gcc/arm-none-eabi/4.9.3/armv6-m\libgcc.a
LOAD d:/software/dave_4-4-2_64bit_2018-02-23/dave_4-4-2_64bit_2018-02-23/dave-ide-4.4.2-64bit/dave-ide-4.4.2-64bit/eclipse/arm-gcc-49/bin/../lib/gcc/arm-none-eabi/4.9.3/../../../../arm-none-eabi/lib/armv6-m\libc_nano.a
LOAD d:/software/dave_4-4-2_64bit_2018-02-23/dave_4-4-2_64bit_2018-02-23/dave-ide-4.4.2-64bit/dave-ide-4.4.2-64bit/eclipse/arm-gcc-49/bin/../lib/gcc/arm-none-eabi/4.9.3/../../../../arm-none-eabi/lib/armv6-m\libnosys.a
END GROUP
START GROUP
LOAD d:/software/dave_4-4-2_64bit_2018-02-23/dave_4-4-2_64bit_2018-02-23/dave-ide-4.4.2-64bit/dave-ide-4.4.2-64bit/eclipse/arm-gcc-49/bin/../lib/gcc/arm-none-eabi/4.9.3/armv6-m\libgcc.a
LOAD d:/software/dave_4-4-2_64bit_2018-02-23/dave_4-4-2_64bit_2018-02-23/dave-ide-4.4.2-64bit/dave-ide-4.4.2-64bit/eclipse/arm-gcc-49/bin/../lib/gcc/arm-none-eabi/4.9.3/../../../../arm-none-eabi/lib/armv6-m\libc_nano.a
LOAD d:/software/dave_4-4-2_64bit_2018-02-23/dave_4-4-2_64bit_2018-02-23/dave-ide-4.4.2-64bit/dave-ide-4.4.2-64bit/eclipse/arm-gcc-49/bin/../lib/gcc/arm-none-eabi/4.9.3/../../../../arm-none-eabi/lib/armv6-m\libnosys.a
END GROUP
                0x00000400                stack_size = DEFINED (stack_size)?stack_size:0x400
                0x00000004                no_init_size = 0x4

.text           0x10001000     0x6e94
                0x10001000                sText = .
 *(.reset)
 .reset         0x10001000       0xa0 ./Startup/startup_XMC1400.o
                0x10001000                __Vectors
                0x1000101c                Reset_Handler
                0x1000109c                IRQ0_Handler
                0x1000109c                IRQ5_Handler
                0x1000109c                PendSV_Handler
                0x1000109c                IRQ16_Handler
                0x1000109c                HardFault_Handler
                0x1000109c                IRQ22_Handler
                0x1000109c                IRQ29_Handler
                0x1000109c                IRQ20_Handler
                0x1000109c                IRQ13_Handler
                0x1000109c                IRQ4_Handler
                0x1000109c                IRQ30_Handler
                0x1000109c                IRQ21_Handler
                0x1000109c                IRQ31_Handler
                0x1000109c                IRQ28_Handler
                0x1000109c                IRQ2_Handler
                0x1000109c                IRQ10_Handler
                0x1000109c                SVC_Handler
                0x1000109c                IRQ1_Handler
                0x1000109c                IRQ15_Handler
                0x1000109c                IRQ14_Handler
                0x1000109c                IRQ9_Handler
                0x1000109c                IRQ8_Handler
                0x1000109c                IRQ3_Handler
                0x1000109c                IRQ27_Handler
                0x1000109c                IRQ26_Handler
                0x1000109c                IRQ17_Handler
 *(.text .text.* .gnu.linkonce.t.*)
 .text.SystemInit
                0x100010a0       0x10 ./Startup/system_XMC1400.o
                0x100010a0                SystemInit
 .text.SystemCoreSetup
                0x100010b0       0x18 ./Startup/system_XMC1400.o
                0x100010b0                SystemCoreSetup
 .text.SystemCoreClockSetup
                0x100010c8       0x3c ./Startup/system_XMC1400.o
                0x100010c8                SystemCoreClockSetup
 .text.SystemCoreClockUpdate
                0x10001104       0xc8 ./Startup/system_XMC1400.o
                0x10001104                SystemCoreClockUpdate
 .text.OSCHP_GetFrequency
                0x100011cc       0x10 ./Startup/system_XMC1400.o
                0x100011cc                OSCHP_GetFrequency
 .text.XMC_ERU_Enable
                0x100011dc       0x10 ./Libraries/XMCLib/src/xmc1_eru.o
                0x100011dc                XMC_ERU_Enable
 .text.XMC_GPIO_Init
                0x100011ec      0x17c ./Libraries/XMCLib/src/xmc1_gpio.o
                0x100011ec                XMC_GPIO_Init
 .text.XMC_SCU_LockProtectedBits
                0x10001368       0x14 ./Libraries/XMCLib/src/xmc1_scu.o
                0x10001368                XMC_SCU_LockProtectedBits
 .text.XMC_SCU_UnlockProtectedBits
                0x1000137c       0x20 ./Libraries/XMCLib/src/xmc1_scu.o
                0x1000137c                XMC_SCU_UnlockProtectedBits
 .text.XMC_SCU_CLOCK_UngatePeripheralClock
                0x1000139c       0x34 ./Libraries/XMCLib/src/xmc1_scu.o
                0x1000139c                XMC_SCU_CLOCK_UngatePeripheralClock
 .text.XMC_SCU_CLOCK_GetPeripheralClockFrequency
                0x100013d0       0x14 ./Libraries/XMCLib/src/xmc1_scu.o
                0x100013d0                XMC_SCU_CLOCK_GetPeripheralClockFrequency
 .text.XMC_SCU_SetInterruptControl
                0x100013e4       0x8c ./Libraries/XMCLib/src/xmc1_scu.o
                0x100013e4                XMC_SCU_SetInterruptControl
 .text.XMC_CAN_IsPanelControlReady
                0x10001470       0x24 ./Libraries/XMCLib/src/xmc_can.o
 .text.XMC_CAN_PanelControl
                0x10001494       0x4c ./Libraries/XMCLib/src/xmc_can.o
 .text.XMC_CAN_NODE_EnableConfigurationChange
                0x100014e0       0x1c ./Libraries/XMCLib/src/xmc_can.o
 .text.XMC_CAN_NODE_DisableConfigurationChange
                0x100014fc       0x1c ./Libraries/XMCLib/src/xmc_can.o
 .text.max      0x10001518       0x1c ./Libraries/XMCLib/src/xmc_can.o
 .text.min      0x10001534       0x1c ./Libraries/XMCLib/src/xmc_can.o
 .text.XMC_CAN_NODE_NominalBitTimeConfigure
                0x10001550      0x1d4 ./Libraries/XMCLib/src/xmc_can.o
                0x10001550                XMC_CAN_NODE_NominalBitTimeConfigure
 .text.XMC_CAN_AllocateMOtoNodeList
                0x10001724       0x50 ./Libraries/XMCLib/src/xmc_can.o
                0x10001724                XMC_CAN_AllocateMOtoNodeList
 .text.XMC_CAN_Enable
                0x10001774       0x34 ./Libraries/XMCLib/src/xmc_can.o
                0x10001774                XMC_CAN_Enable
 .text.XMC_CAN_Init
                0x100017a8      0x120 ./Libraries/XMCLib/src/xmc_can.o
                0x100017a8                XMC_CAN_Init
 .text.XMC_CAN_SetBaudrateClockSource
                0x100018c8       0x34 ./Libraries/XMCLib/src/xmc_can.o
                0x100018c8                XMC_CAN_SetBaudrateClockSource
 .text.XMC_CAN_GetBaudrateClockSource
                0x100018fc       0x20 ./Libraries/XMCLib/src/xmc_can.o
                0x100018fc                XMC_CAN_GetBaudrateClockSource
 .text.XMC_CAN_GetBaudrateClockFrequency
                0x1000191c       0x40 ./Libraries/XMCLib/src/xmc_can.o
                0x1000191c                XMC_CAN_GetBaudrateClockFrequency
 .text.XMC_CAN_MO_Config
                0x1000195c      0x140 ./Libraries/XMCLib/src/xmc_can.o
                0x1000195c                XMC_CAN_MO_Config
 .text.XMC_CAN_MO_UpdateData
                0x10001a9c       0x84 ./Libraries/XMCLib/src/xmc_can.o
                0x10001a9c                XMC_CAN_MO_UpdateData
 .text.XMC_CAN_MO_Transmit
                0x10001b20       0x70 ./Libraries/XMCLib/src/xmc_can.o
                0x10001b20                XMC_CAN_MO_Transmit
 .text.XMC_CAN_MO_Receive
                0x10001b90      0x208 ./Libraries/XMCLib/src/xmc_can.o
                0x10001b90                XMC_CAN_MO_Receive
 .text.XMC_CCU4_StartPrescaler
                0x10001d98       0x1c ./Libraries/XMCLib/src/xmc_ccu4.o
 .text.XMC_CCU4_lUngateClock
                0x10001db4       0x38 ./Libraries/XMCLib/src/xmc_ccu4.o
 .text.XMC_CCU4_EnableModule
                0x10001dec       0x18 ./Libraries/XMCLib/src/xmc_ccu4.o
                0x10001dec                XMC_CCU4_EnableModule
 .text.XMC_CCU4_Init
                0x10001e04       0x48 ./Libraries/XMCLib/src/xmc_ccu4.o
                0x10001e04                XMC_CCU4_Init
 .text.XMC_CCU4_SetModuleClock
                0x10001e4c       0x34 ./Libraries/XMCLib/src/xmc_ccu4.o
                0x10001e4c                XMC_CCU4_SetModuleClock
 .text.XMC_CCU4_SLICE_CompareInit
                0x10001e80       0x68 ./Libraries/XMCLib/src/xmc_ccu4.o
                0x10001e80                XMC_CCU4_SLICE_CompareInit
 .text.XMC_CCU4_SLICE_SetInterruptNode
                0x10001ee8       0x98 ./Libraries/XMCLib/src/xmc_ccu4.o
                0x10001ee8                XMC_CCU4_SLICE_SetInterruptNode
 .text.XMC_ERU_ETL_Init
                0x10001f80       0x5c ./Libraries/XMCLib/src/xmc_eru.o
                0x10001f80                XMC_ERU_ETL_Init
 .text.XMC_ERU_OGU_Init
                0x10001fdc       0x34 ./Libraries/XMCLib/src/xmc_eru.o
                0x10001fdc                XMC_ERU_OGU_Init
 .text.XMC_USIC_CH_GetTransmitBufferStatus
                0x10002010       0x1c ./Libraries/XMCLib/src/xmc_i2c.o
 .text.XMC_I2C_CH_ClearStatusFlag
                0x1000202c       0x1c ./Libraries/XMCLib/src/xmc_i2c.o
 .text.XMC_I2C_CH_Init
                0x10002048       0x54 ./Libraries/XMCLib/src/xmc_i2c.o
                0x10002048                XMC_I2C_CH_Init
 .text.XMC_I2C_CH_SetSlaveAddress
                0x1000209c       0x50 ./Libraries/XMCLib/src/xmc_i2c.o
                0x1000209c                XMC_I2C_CH_SetSlaveAddress
 .text.XMC_I2C_CH_SetBaudrate
                0x100020ec       0x98 ./Libraries/XMCLib/src/xmc_i2c.o
                0x100020ec                XMC_I2C_CH_SetBaudrate
 .text.XMC_I2C_CH_MasterStart
                0x10002184       0x80 ./Libraries/XMCLib/src/xmc_i2c.o
                0x10002184                XMC_I2C_CH_MasterStart
 .text.XMC_I2C_CH_MasterRepeatedStart
                0x10002204       0x80 ./Libraries/XMCLib/src/xmc_i2c.o
                0x10002204                XMC_I2C_CH_MasterRepeatedStart
 .text.XMC_I2C_CH_MasterStop
                0x10002284       0x54 ./Libraries/XMCLib/src/xmc_i2c.o
                0x10002284                XMC_I2C_CH_MasterStop
 .text.XMC_I2C_CH_MasterTransmit
                0x100022d8       0x5c ./Libraries/XMCLib/src/xmc_i2c.o
                0x100022d8                XMC_I2C_CH_MasterTransmit
 .text.XMC_I2C_CH_MasterReceiveAck
                0x10002334       0x54 ./Libraries/XMCLib/src/xmc_i2c.o
                0x10002334                XMC_I2C_CH_MasterReceiveAck
 .text.XMC_I2C_CH_MasterReceiveNack
                0x10002388       0x54 ./Libraries/XMCLib/src/xmc_i2c.o
                0x10002388                XMC_I2C_CH_MasterReceiveNack
 .text.XMC_I2C_CH_GetReceivedData
                0x100023dc       0x40 ./Libraries/XMCLib/src/xmc_i2c.o
                0x100023dc                XMC_I2C_CH_GetReceivedData
 .text.__aeabi_uidiv
                0x1000241c       0x50 ./Libraries/XMCLib/src/xmc_math.o
                0x1000241c                __aeabi_uidiv
 .text.__aeabi_uidivmod
                0x1000246c       0x74 ./Libraries/XMCLib/src/xmc_math.o
                0x1000246c                __aeabi_uidivmod
 .text.XMC_USIC_CH_GetTransmitBufferStatus
                0x100024e0       0x1c ./Libraries/XMCLib/src/xmc_uart.o
 .text.XMC_UART_CH_ClearStatusFlag
                0x100024fc       0x18 ./Libraries/XMCLib/src/xmc_uart.o
 .text.XMC_UART_CH_Init
                0x10002514       0xb4 ./Libraries/XMCLib/src/xmc_uart.o
                0x10002514                XMC_UART_CH_Init
 .text.XMC_UART_CH_Transmit
                0x100025c8       0x5c ./Libraries/XMCLib/src/xmc_uart.o
                0x100025c8                XMC_UART_CH_Transmit
 .text.XMC_UART_CH_GetReceivedData
                0x10002624       0x40 ./Libraries/XMCLib/src/xmc_uart.o
                0x10002624                XMC_UART_CH_GetReceivedData
 .text.XMC_UART_CH_EnableEvent
                0x10002664       0x34 ./Libraries/XMCLib/src/xmc_uart.o
                0x10002664                XMC_UART_CH_EnableEvent
 .text.XMC_USIC_CH_Enable
                0x10002698       0x78 ./Libraries/XMCLib/src/xmc_usic.o
                0x10002698                XMC_USIC_CH_Enable
 .text.XMC_USIC_CH_SetBaudrate
                0x10002710       0xec ./Libraries/XMCLib/src/xmc_usic.o
                0x10002710                XMC_USIC_CH_SetBaudrate
 .text.XMC_USIC_CH_SetInterruptNodePointer
                0x100027fc       0x40 ./Libraries/XMCLib/src/xmc_usic.o
                0x100027fc                XMC_USIC_CH_SetInterruptNodePointer
 .text.XMC_USIC_Enable
                0x1000283c       0x38 ./Libraries/XMCLib/src/xmc_usic.o
                0x1000283c                XMC_USIC_Enable
 .text.XMC_VADC_GROUP_ExternalMuxControlInit
                0x10002874       0x90 ./Libraries/XMCLib/src/xmc_vadc.o
 .text.XMC_VADC_GROUP_QueueEnableArbitrationSlot
                0x10002904       0x20 ./Libraries/XMCLib/src/xmc_vadc.o
 .text.XMC_VADC_GROUP_QueueDisableArbitrationSlot
                0x10002924       0x24 ./Libraries/XMCLib/src/xmc_vadc.o
 .text.XMC_VADC_GLOBAL_EnableModule
                0x10002948       0x18 ./Libraries/XMCLib/src/xmc_vadc.o
                0x10002948                XMC_VADC_GLOBAL_EnableModule
 .text.XMC_VADC_GLOBAL_Init
                0x10002960       0x58 ./Libraries/XMCLib/src/xmc_vadc.o
                0x10002960                XMC_VADC_GLOBAL_Init
 .text.XMC_VADC_GLOBAL_StartupCalibration
                0x100029b8       0x74 ./Libraries/XMCLib/src/xmc_vadc.o
                0x100029b8                XMC_VADC_GLOBAL_StartupCalibration
 .text.XMC_VADC_GROUP_Init
                0x10002a2c       0x7c ./Libraries/XMCLib/src/xmc_vadc.o
                0x10002a2c                XMC_VADC_GROUP_Init
 .text.XMC_VADC_GROUP_InputClassInit
                0x10002aa8       0xd4 ./Libraries/XMCLib/src/xmc_vadc.o
                0x10002aa8                XMC_VADC_GROUP_InputClassInit
 .text.XMC_VADC_GROUP_SetPowerMode
                0x10002b7c       0x38 ./Libraries/XMCLib/src/xmc_vadc.o
                0x10002b7c                XMC_VADC_GROUP_SetPowerMode
 .text.XMC_VADC_GROUP_QueueInit
                0x10002bb4       0xb0 ./Libraries/XMCLib/src/xmc_vadc.o
                0x10002bb4                XMC_VADC_GROUP_QueueInit
 .text.XMC_VADC_GROUP_ChannelInit
                0x10002c64       0xdc ./Libraries/XMCLib/src/xmc_vadc.o
                0x10002c64                XMC_VADC_GROUP_ChannelInit
 .text.XMC_VADC_GROUP_SetResultInterruptNode
                0x10002d40       0x98 ./Libraries/XMCLib/src/xmc_vadc.o
                0x10002d40                XMC_VADC_GROUP_SetResultInterruptNode
 .text._init    0x10002dd8        0x8 ./Libraries/Newlib/syscalls.o
                0x10002dd8                _init
 .text.XMC_GPIO_GetInput
                0x10002de0       0x28 ./DeviceOperation/operation/op_config.o
 .text.OP_SetupConnection
                0x10002e08      0x180 ./DeviceOperation/operation/op_config.o
                0x10002e08                OP_SetupConnection
 .text.OP_TurnOnPCS
                0x10002f88      0x118 ./DeviceOperation/operation/op_config.o
                0x10002f88                OP_TurnOnPCS
 .text.OP_CheckingPCSStatus
                0x100030a0       0xe0 ./DeviceOperation/operation/op_config.o
                0x100030a0                OP_CheckingPCSStatus
 .text.OP_PutSystemStandby
                0x10003180       0x84 ./DeviceOperation/operation/op_config.o
                0x10003180                OP_PutSystemStandby
 .text.OP_HandlingPCSWarning
                0x10003204       0x54 ./DeviceOperation/operation/op_config.o
                0x10003204                OP_HandlingPCSWarning
 .text.OP_PutSystemShutDown
                0x10003258       0x54 ./DeviceOperation/operation/op_config.o
                0x10003258                OP_PutSystemShutDown
 .text.OP_CheckingMode
                0x100032ac       0x8c ./DeviceOperation/operation/op_config.o
                0x100032ac                OP_CheckingMode
 .text.OP_CheckingError
                0x10003338       0x3c ./DeviceOperation/operation/op_config.o
                0x10003338                OP_CheckingError
 .text.__NVIC_ClearPendingIRQ
                0x10003374       0x34 ./DeviceOperation/interrupts/interrupt_handler.o
 .text.__NVIC_SystemReset
                0x100033a8       0x20 ./DeviceOperation/interrupts/interrupt_handler.o
 .text.XMC_GPIO_ToggleOutput
                0x100033c8       0x24 ./DeviceOperation/interrupts/interrupt_handler.o
 .text.XMC_CCU4_SLICE_ClearEvent
                0x100033ec       0x2c ./DeviceOperation/interrupts/interrupt_handler.o
 .text.XMC_UART_CH_ClearStatusFlag
                0x10003418       0x18 ./DeviceOperation/interrupts/interrupt_handler.o
 .text.XMC_ERU_ETL_ClearStatusFlag
                0x10003430       0x28 ./DeviceOperation/interrupts/interrupt_handler.o
 .text.XMC_VADC_GROUP_GetResult
                0x10003458       0x20 ./DeviceOperation/interrupts/interrupt_handler.o
 .text.XMC_VADC_GROUP_ClearResultEvent
                0x10003478       0x20 ./DeviceOperation/interrupts/interrupt_handler.o
 .text.IRQ25_Handler
                0x10003498       0xcc ./DeviceOperation/interrupts/interrupt_handler.o
                0x10003498                IRQ25_Handler
 .text.IRQ6_Handler
                0x10003564       0x94 ./DeviceOperation/interrupts/interrupt_handler.o
                0x10003564                IRQ6_Handler
 .text.IRQ19_Handler
                0x100035f8       0x74 ./DeviceOperation/interrupts/interrupt_handler.o
                0x100035f8                IRQ19_Handler
 .text.IRQ7_Handler
                0x1000366c      0x374 ./DeviceOperation/interrupts/interrupt_handler.o
                0x1000366c                IRQ7_Handler
 .text.IRQ11_Handler
                0x100039e0       0x1c ./DeviceOperation/interrupts/interrupt_handler.o
                0x100039e0                IRQ11_Handler
 .text.IRQ23_Handler
                0x100039fc      0x104 ./DeviceOperation/interrupts/interrupt_handler.o
                0x100039fc                IRQ23_Handler
 .text.IRQ24_Handler
                0x10003b00      0x13c ./DeviceOperation/interrupts/interrupt_handler.o
                0x10003b00                IRQ24_Handler
 .text.IRQ12_Handler
                0x10003c3c      0x1d4 ./DeviceOperation/interrupts/interrupt_handler.o
                0x10003c3c                IRQ12_Handler
 .text.IRQ18_Handler
                0x10003e10      0x178 ./DeviceOperation/interrupts/interrupt_handler.o
                0x10003e10                IRQ18_Handler
 .text.SysTick_Handler
                0x10003f88       0x34 ./DeviceOperation/interrupts/interrupt_handler.o
                0x10003f88                SysTick_Handler
 .text.__NVIC_EnableIRQ
                0x10003fbc       0x34 ./DeviceObject/rs232/rs232_operation.o
 .text.__NVIC_SetPriority
                0x10003ff0       0xd4 ./DeviceObject/rs232/rs232_operation.o
 .text.XMC_USIC_CH_SetInputSource
                0x100040c4       0x48 ./DeviceObject/rs232/rs232_operation.o
 .text.XMC_USIC_CH_GetTransmitBufferStatus
                0x1000410c       0x1c ./DeviceObject/rs232/rs232_operation.o
 .text.XMC_UART_CH_Start
                0x10004128       0x20 ./DeviceObject/rs232/rs232_operation.o
 .text.XMC_UART_CH_SelectInterruptNodePointer
                0x10004148       0x2c ./DeviceObject/rs232/rs232_operation.o
 .text.XMC_UART_CH_ClearStatusFlag
                0x10004174       0x18 ./DeviceObject/rs232/rs232_operation.o
 .text.XMC_UART_CH_SetInputSource
                0x1000418c       0x54 ./DeviceObject/rs232/rs232_operation.o
 .text.RS232_Connection_Init
                0x100041e0       0x98 ./DeviceObject/rs232/rs232_operation.o
                0x100041e0                RS232_Connection_Init
 .text.RS232_SendString
                0x10004278       0x50 ./DeviceObject/rs232/rs232_operation.o
                0x10004278                RS232_SendString
 .text.__NVIC_EnableIRQ
                0x100042c8       0x34 ./DeviceObject/pdu/pdu_operation.o
 .text.__NVIC_SetPriority
                0x100042fc       0xd4 ./DeviceObject/pdu/pdu_operation.o
 .text.XMC_VADC_GROUP_QueueTriggerConversion
                0x100043d0       0x28 ./DeviceObject/pdu/pdu_operation.o
 .text.XMC_VADC_GROUP_QueueInsertChannel
                0x100043f8       0x1c ./DeviceObject/pdu/pdu_operation.o
 .text.XMC_VADC_GROUP_ResultInit
                0x10004414       0x20 ./DeviceObject/pdu/pdu_operation.o
 .text.XMC_GPIO_SetOutputLevel
                0x10004434       0x28 ./DeviceObject/pdu/pdu_operation.o
 .text.PDU_SensorADC_Init
                0x1000445c      0x178 ./DeviceObject/pdu/pdu_operation.o
                0x1000445c                PDU_SensorADC_Init
 .text.PDU_Relay_Init
                0x100045d4       0x54 ./DeviceObject/pdu/pdu_operation.o
                0x100045d4                PDU_Relay_Init
 .text.PDU_Switch_Relay
                0x10004628       0xd8 ./DeviceObject/pdu/pdu_operation.o
                0x10004628                PDU_Switch_Relay
 .text.PDU_ADC_Start
                0x10004700       0x14 ./DeviceObject/pdu/pdu_operation.o
                0x10004700                PDU_ADC_Start
 .text.__NVIC_EnableIRQ
                0x10004714       0x34 ./DeviceObject/pcs/pcs_operation.o
 .text.__NVIC_SetPriority
                0x10004748       0xd4 ./DeviceObject/pcs/pcs_operation.o
 .text.XMC_CAN_NODE_SetReceiveInput
                0x1000481c       0x2c ./DeviceObject/pcs/pcs_operation.o
 .text.XMC_CAN_NODE_EnableConfigurationChange
                0x10004848       0x1c ./DeviceObject/pcs/pcs_operation.o
 .text.XMC_CAN_NODE_DisableConfigurationChange
                0x10004864       0x1c ./DeviceObject/pcs/pcs_operation.o
 .text.XMC_CAN_NODE_ResetInitBit
                0x10004880       0x1c ./DeviceObject/pcs/pcs_operation.o
 .text.XMC_CAN_MO_SetEventNodePointer
                0x1000489c       0x44 ./DeviceObject/pcs/pcs_operation.o
 .text.XMC_CAN_MO_EnableEvent
                0x100048e0       0x20 ./DeviceObject/pcs/pcs_operation.o
 .text.PCS_Connection_Init
                0x10004900       0xf4 ./DeviceObject/pcs/pcs_operation.o
                0x10004900                PCS_Connection_Init
 .text.PCS_BMSTransmitToPCS
                0x100049f4      0x120 ./DeviceObject/pcs/pcs_operation.o
                0x100049f4                PCS_BMSTransmitToPCS
 .text.PCS_GetPCSStatus
                0x10004b14      0x174 ./DeviceObject/pcs/pcs_operation.o
                0x10004b14                PCS_GetPCSStatus
 .text.PCS_GetDCGridStatus
                0x10004c88      0x118 ./DeviceObject/pcs/pcs_operation.o
                0x10004c88                PCS_GetDCGridStatus
 .text.PCS_GetACInvStatus
                0x10004da0      0x154 ./DeviceObject/pcs/pcs_operation.o
                0x10004da0                PCS_GetACInvStatus
 .text.PCS_GetPVConvStatus
                0x10004ef4       0xe4 ./DeviceObject/pcs/pcs_operation.o
                0x10004ef4                PCS_GetPVConvStatus
 .text.PCS_GetBatConvStatus
                0x10004fd8      0x138 ./DeviceObject/pcs/pcs_operation.o
                0x10004fd8                PCS_GetBatConvStatus
 .text.PCS_GetVoltParam
                0x10005110       0x90 ./DeviceObject/pcs/pcs_operation.o
                0x10005110                PCS_GetVoltParam
 .text.PCS_GetAmpParam
                0x100051a0       0x88 ./DeviceObject/pcs/pcs_operation.o
                0x100051a0                PCS_GetAmpParam
 .text.PCS_GetPowerParam
                0x10005228       0x90 ./DeviceObject/pcs/pcs_operation.o
                0x10005228                PCS_GetPowerParam
 .text.PCS_GetMiscParam
                0x100052b8       0x6c ./DeviceObject/pcs/pcs_operation.o
                0x100052b8                PCS_GetMiscParam
 .text.__NVIC_EnableIRQ
                0x10005324       0x34 ./DeviceObject/miscellaneous/misc_operation.o
 .text.__NVIC_SetPriority
                0x10005358       0xd4 ./DeviceObject/miscellaneous/misc_operation.o
 .text.XMC_CCU4_StartPrescaler
                0x1000542c       0x1c ./DeviceObject/miscellaneous/misc_operation.o
 .text.XMC_CCU4_EnableClock
                0x10005448       0x28 ./DeviceObject/miscellaneous/misc_operation.o
 .text.XMC_CCU4_SLICE_StartTimer
                0x10005470       0x14 ./DeviceObject/miscellaneous/misc_operation.o
 .text.XMC_CCU4_SLICE_SetTimerPeriodMatch
                0x10005484       0x1c ./DeviceObject/miscellaneous/misc_operation.o
 .text.XMC_CCU4_SLICE_SetTimerCompareMatch
                0x100054a0       0x1c ./DeviceObject/miscellaneous/misc_operation.o
 .text.XMC_CCU4_EnableShadowTransfer
                0x100054bc       0x18 ./DeviceObject/miscellaneous/misc_operation.o
 .text.XMC_CCU4_SLICE_EnableEvent
                0x100054d4       0x2c ./DeviceObject/miscellaneous/misc_operation.o
 .text.MISC_TimerInit
                0x10005500      0x110 ./DeviceObject/miscellaneous/misc_operation.o
                0x10005500                MISC_TimerInit
 .text.MF_CRC_16
                0x10005610       0xb4 ./DeviceObject/mathfunction/mathfunc_operation.o
                0x10005610                MF_CRC_16
 .text.MF_Init_CRC16_Tab
                0x100056c4       0xa8 ./DeviceObject/mathfunction/mathfunc_operation.o
                0x100056c4                MF_Init_CRC16_Tab
 .text.MF_MovingAverage
                0x1000576c       0xac ./DeviceObject/mathfunction/mathfunc_operation.o
                0x1000576c                MF_MovingAverage
 .text.__NVIC_EnableIRQ
                0x10005818       0x34 ./DeviceObject/infotainment/info_operation.o
 .text.__NVIC_SetPriority
                0x1000584c       0xd4 ./DeviceObject/infotainment/info_operation.o
 .text.XMC_USIC_CH_SetInputSource
                0x10005920       0x48 ./DeviceObject/infotainment/info_operation.o
 .text.XMC_USIC_CH_SetMode
                0x10005968       0x28 ./DeviceObject/infotainment/info_operation.o
 .text.XMC_GPIO_SetOutputLevel
                0x10005990       0x28 ./DeviceObject/infotainment/info_operation.o
 .text.XMC_GPIO_SetOutputHigh
                0x100059b8       0x20 ./DeviceObject/infotainment/info_operation.o
 .text.XMC_I2C_CH_Start
                0x100059d8       0x18 ./DeviceObject/infotainment/info_operation.o
 .text.XMC_I2C_CH_SetInputSource
                0x100059f0       0x58 ./DeviceObject/infotainment/info_operation.o
 .text.XMC_I2C_CH_GetStatusFlag
                0x10005a48       0x14 ./DeviceObject/infotainment/info_operation.o
 .text.XMC_I2C_CH_ClearStatusFlag
                0x10005a5c       0x1c ./DeviceObject/infotainment/info_operation.o
 .text.INFO_StartButtonInit
                0x10005a78       0x20 ./DeviceObject/infotainment/info_operation.o
                0x10005a78                INFO_StartButtonInit
 .text.INFO_ResetButtonInit
                0x10005a98       0x64 ./DeviceObject/infotainment/info_operation.o
                0x10005a98                INFO_ResetButtonInit
 .text.INFO_LEDInit
                0x10005afc       0x60 ./DeviceObject/infotainment/info_operation.o
                0x10005afc                INFO_LEDInit
 .text.INFO_GPIOInit
                0x10005b5c       0x58 ./DeviceObject/infotainment/info_operation.o
                0x10005b5c                INFO_GPIOInit
 .text.INFO_ModeSelectorInit
                0x10005bb4       0x48 ./DeviceObject/infotainment/info_operation.o
                0x10005bb4                INFO_ModeSelectorInit
 .text.INFO_RTCEEPROMInit
                0x10005bfc       0xc0 ./DeviceObject/infotainment/info_operation.o
                0x10005bfc                INFO_RTCEEPROMInit
 .text.INFO_LEDSwitch
                0x10005cbc       0xa8 ./DeviceObject/infotainment/info_operation.o
                0x10005cbc                INFO_LEDSwitch
 .text.INFO_RTCOscillatorEnable
                0x10005d64      0x1e4 ./DeviceObject/infotainment/info_operation.o
                0x10005d64                INFO_RTCOscillatorEnable
 .text.INFO_RTCTimeInit
                0x10005f48      0x264 ./DeviceObject/infotainment/info_operation.o
                0x10005f48                INFO_RTCTimeInit
 .text.INFO_RTCDateInit
                0x100061ac      0x25c ./DeviceObject/infotainment/info_operation.o
                0x100061ac                INFO_RTCDateInit
 .text.INFO_RTCGetDate
                0x10006408      0x2ac ./DeviceObject/infotainment/info_operation.o
                0x10006408                INFO_RTCGetDate
 .text.INFO_RTCGetTime
                0x100066b4      0x2dc ./DeviceObject/infotainment/info_operation.o
                0x100066b4                INFO_RTCGetTime
 .text.INFO_RTCVBatEnable
                0x10006990      0x1e8 ./DeviceObject/infotainment/info_operation.o
                0x10006990                INFO_RTCVBatEnable
 .text.INFO_RTCMFPEnable
                0x10006b78      0x1dc ./DeviceObject/infotainment/info_operation.o
                0x10006b78                INFO_RTCMFPEnable
 .text.__NVIC_EnableIRQ
                0x10006d54       0x34 ./DeviceObject/geenix/geenix_operation.o
 .text.__NVIC_SetPriority
                0x10006d88       0xd4 ./DeviceObject/geenix/geenix_operation.o
 .text.XMC_USIC_CH_SetInputSource
                0x10006e5c       0x48 ./DeviceObject/geenix/geenix_operation.o
 .text.XMC_UART_CH_Start
                0x10006ea4       0x20 ./DeviceObject/geenix/geenix_operation.o
 .text.XMC_UART_CH_SelectInterruptNodePointer
                0x10006ec4       0x2c ./DeviceObject/geenix/geenix_operation.o
 .text.XMC_UART_CH_SetInputSource
                0x10006ef0       0x54 ./DeviceObject/geenix/geenix_operation.o
 .text.XMC_GPIO_SetOutputLevel
                0x10006f44       0x28 ./DeviceObject/geenix/geenix_operation.o
 .text.GEENIX_Connection_Init
                0x10006f6c       0xa8 ./DeviceObject/geenix/geenix_operation.o
                0x10006f6c                GEENIX_Connection_Init
 .text.GEENIX_Async_Delay
                0x10007014       0x64 ./DeviceObject/geenix/geenix_operation.o
                0x10007014                GEENIX_Async_Delay
 .text.GEENIX_Sel_Mode
                0x10007078       0x3c ./DeviceObject/geenix/geenix_operation.o
                0x10007078                GEENIX_Sel_Mode
 .text.GEENIX_AskData
                0x100070b4      0x11c ./DeviceObject/geenix/geenix_operation.o
                0x100070b4                GEENIX_AskData
 .text.__NVIC_EnableIRQ
                0x100071d0       0x34 ./DeviceObject/esp32/esp32_operation.o
 .text.__NVIC_SetPriority
                0x10007204       0xd4 ./DeviceObject/esp32/esp32_operation.o
 .text.XMC_USIC_CH_SetInputSource
                0x100072d8       0x48 ./DeviceObject/esp32/esp32_operation.o
 .text.XMC_USIC_CH_GetTransmitBufferStatus
                0x10007320       0x1c ./DeviceObject/esp32/esp32_operation.o
 .text.XMC_UART_CH_Start
                0x1000733c       0x20 ./DeviceObject/esp32/esp32_operation.o
 .text.XMC_UART_CH_SelectInterruptNodePointer
                0x1000735c       0x2c ./DeviceObject/esp32/esp32_operation.o
 .text.XMC_UART_CH_ClearStatusFlag
                0x10007388       0x18 ./DeviceObject/esp32/esp32_operation.o
 .text.XMC_UART_CH_SetInputSource
                0x100073a0       0x54 ./DeviceObject/esp32/esp32_operation.o
 .text.ESP32_ConnectionInit
                0x100073f4       0xa0 ./DeviceObject/esp32/esp32_operation.o
                0x100073f4                ESP32_ConnectionInit
 .text.BT_prepareData
                0x10007494      0x2ac ./DeviceObject/esp32/esp32_operation.o
                0x10007494                BT_prepareData
 .text.BT_sendStream
                0x10007740       0x74 ./DeviceObject/esp32/esp32_operation.o
                0x10007740                BT_sendStream
 .text.__NVIC_SetPriority
                0x100077b4       0xd4 ./main.o
 .text.SysTick_Config
                0x10007888       0x48 ./main.o
 .text.main     0x100078d0      0x258 ./main.o
                0x100078d0                main
 .text          0x10007b28       0x74 d:/software/dave_4-4-2_64bit_2018-02-23/dave_4-4-2_64bit_2018-02-23/dave-ide-4.4.2-64bit/dave-ide-4.4.2-64bit/eclipse/arm-gcc-49/bin/../lib/gcc/arm-none-eabi/4.9.3/armv6-m\libgcc.a(_arm_cmpsf2.o)
                0x10007b28                __aeabi_cfrcmple
                0x10007b30                __aeabi_cfcmpeq
                0x10007b30                __aeabi_cfcmple
                0x10007b40                __aeabi_fcmpeq
                0x10007b4c                __aeabi_fcmplt
                0x10007b60                __aeabi_fcmple
                0x10007b74                __aeabi_fcmpgt
                0x10007b88                __aeabi_fcmpge
 .text          0x10007b9c       0x54 d:/software/dave_4-4-2_64bit_2018-02-23/dave_4-4-2_64bit_2018-02-23/dave-ide-4.4.2-64bit/dave-ide-4.4.2-64bit/eclipse/arm-gcc-49/bin/../lib/gcc/arm-none-eabi/4.9.3/armv6-m\libgcc.a(eqsf2.o)
                0x10007b9c                __eqsf2
                0x10007b9c                __nesf2
 .text          0x10007bf0       0x94 d:/software/dave_4-4-2_64bit_2018-02-23/dave_4-4-2_64bit_2018-02-23/dave-ide-4.4.2-64bit/dave-ide-4.4.2-64bit/eclipse/arm-gcc-49/bin/../lib/gcc/arm-none-eabi/4.9.3/armv6-m\libgcc.a(gesf2.o)
                0x10007bf0                __gesf2
                0x10007bf0                __gtsf2
 .text          0x10007c84       0x8c d:/software/dave_4-4-2_64bit_2018-02-23/dave_4-4-2_64bit_2018-02-23/dave-ide-4.4.2-64bit/dave-ide-4.4.2-64bit/eclipse/arm-gcc-49/bin/../lib/gcc/arm-none-eabi/4.9.3/armv6-m\libgcc.a(lesf2.o)
                0x10007c84                __ltsf2
                0x10007c84                __lesf2
 .text.__libc_init_array
                0x10007d10       0x4c d:/software/dave_4-4-2_64bit_2018-02-23/dave_4-4-2_64bit_2018-02-23/dave-ide-4.4.2-64bit/dave-ide-4.4.2-64bit/eclipse/arm-gcc-49/bin/../lib/gcc/arm-none-eabi/4.9.3/../../../../arm-none-eabi/lib/armv6-m\libg_nano.a(lib_a-init.o)
                0x10007d10                __libc_init_array
 .text.memcpy   0x10007d5c       0x12 d:/software/dave_4-4-2_64bit_2018-02-23/dave_4-4-2_64bit_2018-02-23/dave-ide-4.4.2-64bit/dave-ide-4.4.2-64bit/eclipse/arm-gcc-49/bin/../lib/gcc/arm-none-eabi/4.9.3/../../../../arm-none-eabi/lib/armv6-m\libg_nano.a(lib_a-memcpy.o)
                0x10007d5c                memcpy
 *(.init)
 *(.fini)
 *crtbegin.o(.ctors)
 *crtbegin?.o(.ctors)
 *(EXCLUDE_FILE(*crtend.o *crtend?.o) .ctors)
 *(SORT(.ctors.*))
 *(.ctors)
 *crtbegin.o(.dtors)
 *crtbegin?.o(.dtors)
 *(EXCLUDE_FILE(*crtend.o *crtend?.o) .dtors)
 *(SORT(.dtors.*))
 *(.dtors)
 *(.rodata .rodata.*)
 *fill*         0x10007d6e        0x2 
 .rodata.XMC_CCU4_SLICE_SetInterruptNode
                0x10007d70       0x28 ./Libraries/XMCLib/src/xmc_ccu4.o
 .rodata.g_xmc_vadc_group_array
                0x10007d98        0x8 ./Libraries/XMCLib/src/xmc_vadc.o
 .rodata.IRQ25_Handler
                0x10007da0       0xb4 ./DeviceOperation/interrupts/interrupt_handler.o
 .rodata.IRQ7_Handler
                0x10007e54       0x24 ./DeviceOperation/interrupts/interrupt_handler.o
 .rodata.main   0x10007e78       0x1c ./main.o
 *(.gnu.linkonce.r*)
 *(vtable)
                0x10007e94                . = ALIGN (0x4)

.glue_7         0x10007e94        0x0
 .glue_7        0x00000000        0x0 linker stubs

.glue_7t        0x10007e94        0x0
 .glue_7t       0x00000000        0x0 linker stubs

.vfp11_veneer   0x10007e94        0x0
 .vfp11_veneer  0x00000000        0x0 linker stubs

.v4_bx          0x10007e94        0x0
 .v4_bx         0x00000000        0x0 linker stubs

.iplt           0x10007e94        0x0
 .iplt          0x00000000        0x0 ./Startup/startup_XMC1400.o

.eh_frame_hdr
 *(.eh_frame_hdr)

.eh_frame
 *(.eh_frame)

.ARM.extab
 *(.ARM.extab* .gnu.linkonce.armextab.*)
                0x10007e94                . = ALIGN (0x4)
                0x10007e94                __exidx_start = .

.ARM.exidx
 *(.ARM.exidx* .gnu.linkonce.armexidx.*)
                0x10007e94                __exidx_end = .
                0x10007e94                . = ALIGN (0x4)

.VENEER_Code    0x2000000c      0x144 load address 0x10007e94
                0x2000000c                . = ALIGN (0x4)
                0x2000000c                VeneerStart = .
 *(.XmcVeneerCode)
 .XmcVeneerCode
                0x2000000c      0x144 ./Startup/startup_XMC1400.o
                0x2000000c                HardFault_Veener
                0x2000002c                SVC_Veener
                0x20000038                PendSV_Veener
                0x2000003c                SysTick_Veener
                0x20000040                IRQ0_Veener
                0x20000044                IRQ1_Veener
                0x20000048                IRQ2_Veener
                0x2000004c                IRQ3_Veener
                0x20000050                IRQ4_Veener
                0x20000054                IRQ5_Veener
                0x20000058                IRQ6_Veener
                0x2000005c                IRQ7_Veener
                0x20000060                IRQ8_Veener
                0x20000064                IRQ9_Veener
                0x20000068                IRQ10_Veener
                0x2000006c                IRQ11_Veener
                0x20000070                IRQ12_Veener
                0x20000074                IRQ13_Veener
                0x20000078                IRQ14_Veener
                0x2000007c                IRQ15_Veener
                0x20000080                IRQ16_Veener
                0x20000084                IRQ17_Veener
                0x20000088                IRQ18_Veener
                0x2000008c                IRQ19_Veener
                0x20000090                IRQ20_Veener
                0x20000094                IRQ21_Veener
                0x20000098                IRQ22_Veener
                0x2000009c                IRQ23_Veener
                0x200000a0                IRQ24_Veener
                0x200000a4                IRQ25_Veener
                0x200000a8                IRQ26_Veener
                0x200000ac                IRQ27_Veener
                0x200000b0                IRQ28_Veener
                0x200000b4                IRQ29_Veener
                0x200000b8                IRQ30_Veener
                0x200000bc                IRQ31_Veener
                0x20000150                . = ALIGN (0x4)
                0x20000150                VeneerEnd = .
                0x10007e94                eROData = LOADADDR (.VENEER_Code)
                0x00000144                VeneerSize = (ABSOLUTE (VeneerEnd) - ABSOLUTE (VeneerStart))

.rel.dyn        0x20000150        0x0 load address 0x10007fd8
 .rel.iplt      0x00000000        0x0 ./Startup/startup_XMC1400.o

Stack           0x20000150      0x400 load address 0x00000000
                0x20000150                . = ALIGN (0x8)
                0x20000550                . = (. + stack_size)
 *fill*         0x20000150      0x400 
                0x20000550                __initial_sp = .

.data           0x20000550      0x1b8 load address 0x10007fd8
                0x20000550                . = ALIGN (0x4)
                0x20000550                __data_start = .
 *(.data)
 *(.data*)
 .data.recEspCommIsHalt
                0x20000550        0x1 ./DeviceOperation/GlobalVariable/global_var.o
                0x20000550                recEspCommIsHalt
 *fill*         0x20000551        0x3 
 .data.rs232_tx_config
                0x20000554        0x8 ./DeviceObject/rs232/rs232_operation_conf.o
                0x20000554                rs232_tx_config
 .data.rs232_config
                0x2000055c        0xc ./DeviceObject/rs232/rs232_operation_conf.o
                0x2000055c                rs232_config
 .data.g_global_handle
                0x20000568       0x18 ./DeviceObject/pdu/pdu_operation_conf.o
                0x20000568                g_global_handle
 .data.g_group_handle
                0x20000580       0x14 ./DeviceObject/pdu/pdu_operation_conf.o
                0x20000580                g_group_handle
 .data.g_queue_handle
                0x20000594        0xc ./DeviceObject/pdu/pdu_operation_conf.o
                0x20000594                g_queue_handle
 .data.g_queue_entry
                0x200005a0       0x10 ./DeviceObject/pdu/pdu_operation_conf.o
                0x200005a0                g_queue_entry
 .data.g_channel_handle
                0x200005b0       0x40 ./DeviceObject/pdu/pdu_operation_conf.o
                0x200005b0                g_channel_handle
 .data.g_result_handle
                0x200005f0       0x10 ./DeviceObject/pdu/pdu_operation_conf.o
                0x200005f0                g_result_handle
 .data.relay_KMP
                0x20000600        0x8 ./DeviceObject/pdu/pdu_operation_conf.o
                0x20000600                relay_KMP
 .data.relay_KMF
                0x20000608        0x8 ./DeviceObject/pdu/pdu_operation_conf.o
                0x20000608                relay_KMF
 .data.relay_KDSG
                0x20000610        0x8 ./DeviceObject/pdu/pdu_operation_conf.o
                0x20000610                relay_KDSG
 .data.relay_KBAT
                0x20000618        0x8 ./DeviceObject/pdu/pdu_operation_conf.o
                0x20000618                relay_KBAT
 .data.CAN0_txd_config
                0x20000620        0x8 ./DeviceObject/pcs/pcs_operation_conf.o
                0x20000620                CAN0_txd_config
 .data.can_baud
                0x20000628        0xc ./DeviceObject/pcs/pcs_operation_conf.o
                0x20000628                can_baud
 *fill*         0x20000634        0x4 
 .data.msgObjToPCS
                0x20000638       0x20 ./DeviceObject/pcs/pcs_operation_conf.o
                0x20000638                msgObjToPCS
 .data.msgObjFromPCS
                0x20000658       0x20 ./DeviceObject/pcs/pcs_operation_conf.o
                0x20000658                msgObjFromPCS
 .data.SLICE0_config
                0x20000678        0x8 ./DeviceObject/miscellaneous/misc_operation_conf.o
                0x20000678                SLICE0_config
 .data.SLICE1_config
                0x20000680        0x8 ./DeviceObject/miscellaneous/misc_operation_conf.o
                0x20000680                SLICE1_config
 .data.button_config
                0x20000688        0x8 ./DeviceObject/infotainment/info_operation_conf.o
                0x20000688                button_config
 .data.led_config
                0x20000690        0x8 ./DeviceObject/infotainment/info_operation_conf.o
                0x20000690                led_config
 .data.gpio_config
                0x20000698        0x8 ./DeviceObject/infotainment/info_operation_conf.o
                0x20000698                gpio_config
 .data.iic_config
                0x200006a0        0x8 ./DeviceObject/infotainment/info_operation_conf.o
                0x200006a0                iic_config
 .data.eru1_etl2_config
                0x200006a8        0x8 ./DeviceObject/infotainment/info_operation_conf.o
                0x200006a8                eru1_etl2_config
 .data.eru1_ogu3_config
                0x200006b0        0x4 ./DeviceObject/infotainment/info_operation_conf.o
                0x200006b0                eru1_ogu3_config
 .data.eru0_etl2_config
                0x200006b4        0x8 ./DeviceObject/infotainment/info_operation_conf.o
                0x200006b4                eru0_etl2_config
 .data.eru0_ogu2_config
                0x200006bc        0x4 ./DeviceObject/infotainment/info_operation_conf.o
                0x200006bc                eru0_ogu2_config
 .data.rtc_sda_config
                0x200006c0        0x8 ./DeviceObject/infotainment/info_operation_conf.o
                0x200006c0                rtc_sda_config
 .data.rtc_scl_config
                0x200006c8        0x8 ./DeviceObject/infotainment/info_operation_conf.o
                0x200006c8                rtc_scl_config
 .data.geenix_sel_config
                0x200006d0        0x8 ./DeviceObject/geenix/geenix_operation_conf.o
                0x200006d0                geenix_sel_config
 .data.geenix_tx_config
                0x200006d8        0x8 ./DeviceObject/geenix/geenix_operation_conf.o
                0x200006d8                geenix_tx_config
 .data.geenix_config
                0x200006e0        0xc ./DeviceObject/geenix/geenix_operation_conf.o
                0x200006e0                geenix_config
 .data.esp32_tx_config
                0x200006ec        0x8 ./DeviceObject/esp32/esp32_operation_conf.o
                0x200006ec                esp32_tx_config
 .data.esp32_rx_config
                0x200006f4        0x8 ./DeviceObject/esp32/esp32_operation_conf.o
                0x200006f4                esp32_rx_config
 .data.esp32_config
                0x200006fc        0xc ./DeviceObject/esp32/esp32_operation_conf.o
                0x200006fc                esp32_config
 *(*.data)
 *(.gnu.linkonce.d*)
                0x20000708                . = ALIGN (0x4)
                0x20000708                PROVIDE (__preinit_array_start, .)
 *(.preinit_array)
                0x20000708                PROVIDE (__preinit_array_end, .)
                0x20000708                . = ALIGN (0x4)
                0x20000708                PROVIDE (__init_array_start, .)
 *(SORT(.init_array.*))
 *(.init_array)
                0x20000708                PROVIDE (__init_array_end, .)
                0x20000708                . = ALIGN (0x4)
                0x20000708                PROVIDE (__fini_array_start, .)
 *(SORT(.fini_array.*))
 *(.fini_array)
                0x20000708                PROVIDE (__fini_array_end, .)
                0x20000708                . = ALIGN (0x4)
                0x20000708                __data_end = .
                0x10007fd8                DataLoadAddr = LOADADDR (.data)
                0x000001b8                __data_size = (__data_end - __data_start)

.igot.plt       0x20000708        0x0 load address 0x10008190
 .igot.plt      0x00000000        0x0 ./Startup/startup_XMC1400.o

.ram_code       0x20000708        0x0 load address 0x10008190
                0x20000708                . = ALIGN (0x4)
                0x20000708                __ram_code_start = .
 *(.ram_code)
                0x20000708                . = ALIGN (0x4)
                0x20000708                __ram_code_end = .
                0x10008190                __ram_code_load = LOADADDR (.ram_code)
                0x00000000                __ram_code_size = (__ram_code_end - __ram_code_start)
                0x00007190                __text_size = ((((__exidx_end - sText) + VeneerSize) + __data_size) + __ram_code_size)
                0x10008190                eText = (sText + __text_size)

.bss            0x20000708      0x6a8 load address 0x10008190
                0x20000708                . = ALIGN (0x4)
                0x20000708                __bss_start = .
 *(.bss)
 *(.bss*)
 .bss.IDIV.5069
                0x20000708        0x4 ./Startup/system_XMC1400.o
 .bss.FDIV.5070
                0x2000070c        0x4 ./Startup/system_XMC1400.o
 .bss.isPrechargeExecuted.10835
                0x20000710        0x1 ./DeviceOperation/operation/op_config.o
 .bss.isPutToStandbyExecuted.10845
                0x20000711        0x1 ./DeviceOperation/operation/op_config.o
 .bss.isStandbyExecuted.10853
                0x20000712        0x1 ./DeviceOperation/operation/op_config.o
 *fill*         0x20000713        0x1 
 .bss.counting.10807
                0x20000714        0x8 ./DeviceOperation/interrupts/interrupt_handler.o
 .bss.countingADC.10808
                0x2000071c        0x1 ./DeviceOperation/interrupts/interrupt_handler.o
 .bss.cycle_100ms.10812
                0x2000071d        0x1 ./DeviceOperation/interrupts/interrupt_handler.o
 .bss.rcvState.10819
                0x2000071e        0x1 ./DeviceOperation/interrupts/interrupt_handler.o
 *fill*         0x2000071f        0x1 
 .bss.head.10820
                0x20000720        0x2 ./DeviceOperation/interrupts/interrupt_handler.o
 .bss.count.10822
                0x20000722        0x1 ./DeviceOperation/interrupts/interrupt_handler.o
 .bss.retry.10823
                0x20000723        0x1 ./DeviceOperation/interrupts/interrupt_handler.o
 .bss.length.10824
                0x20000724        0x1 ./DeviceOperation/interrupts/interrupt_handler.o
 *fill*         0x20000725        0x3 
 .bss.buffer.10825
                0x20000728       0x20 ./DeviceOperation/interrupts/interrupt_handler.o
 .bss.tail.10821
                0x20000748        0x2 ./DeviceOperation/interrupts/interrupt_handler.o
 .bss.n.10836   0x2000074a        0x1 ./DeviceOperation/interrupts/interrupt_handler.o
 *fill*         0x2000074b        0x1 
 .bss.NTPdata.10837
                0x2000074c       0xc8 ./DeviceOperation/interrupts/interrupt_handler.o
 .bss.flag_rs232
                0x20000814        0x1 ./DeviceOperation/GlobalVariable/global_var.o
                0x20000814                flag_rs232
 .bss.genix_send
                0x20000815        0x1 ./DeviceOperation/GlobalVariable/global_var.o
                0x20000815                genix_send
 .bss.isStartHShake
                0x20000816        0x1 ./DeviceOperation/GlobalVariable/global_var.o
                0x20000816                isStartHShake
 *fill*         0x20000817        0x1 
 .bss.rs232_rx_config
                0x20000818        0x8 ./DeviceObject/rs232/rs232_operation_conf.o
                0x20000818                rs232_rx_config
 .bss.adc_io    0x20000820        0x8 ./DeviceObject/pdu/pdu_operation_conf.o
                0x20000820                adc_io
 .bss.CAN0_rxd_config
                0x20000828        0x8 ./DeviceObject/pcs/pcs_operation_conf.o
                0x20000828                CAN0_rxd_config
 .bss.crc_tab16_init
                0x20000830        0x1 ./DeviceObject/mathfunction/mathfunc_operation.o
 *fill*         0x20000831        0x3 
 .bss.crc_tab16
                0x20000834      0x200 ./DeviceObject/mathfunction/mathfunc_operation.o
 .bss.sensorAvgBuff.7175
                0x20000a34       0x14 ./DeviceObject/mathfunction/mathfunc_operation.o
 .bss.count.7176
                0x20000a48        0x1 ./DeviceObject/mathfunction/mathfunc_operation.o
 .bss.ones.8805
                0x20000a49        0x1 ./DeviceObject/infotainment/info_operation.o
 .bss.tens.8804
                0x20000a4a        0x1 ./DeviceObject/infotainment/info_operation.o
 .bss.ones.8833
                0x20000a4b        0x1 ./DeviceObject/infotainment/info_operation.o
 .bss.tens.8832
                0x20000a4c        0x1 ./DeviceObject/infotainment/info_operation.o
 *fill*         0x20000a4d        0x3 
 .bss.dipswitch_config
                0x20000a50        0x8 ./DeviceObject/infotainment/info_operation_conf.o
                0x20000a50                dipswitch_config
 .bss.eru_io_config
                0x20000a58        0x8 ./DeviceObject/infotainment/info_operation_conf.o
                0x20000a58                eru_io_config
 .bss.geenix_rx_config
                0x20000a60        0x8 ./DeviceObject/geenix/geenix_operation_conf.o
                0x20000a60                geenix_rx_config
 .bss.bt_crc.9947
                0x20000a68        0x2 ./DeviceObject/esp32/esp32_operation.o
 *(COMMON)
 *fill*         0x20000a6a        0x2 
 COMMON         0x20000a6c      0x340 ./DeviceOperation/operation/op_config.o
                0x20000a6c                pcsVoltages
                0x20000a74                sysTickFlag
                0x20000a75                temporaryStatus
                0x20000a76                flag_rtc
                0x20000a78                pvHShake
                0x20000a80                bmsSensor
                0x20000a88                pcsPVconvStatus
                0x20000a8c                rtcDate
                0x20000a90                flag_error
                0x20000a94                pcsACinvStatus
                0x20000a98                controlFlag
                0x20000aa0                pcsCurrents
                0x20000aa8                enable_bt
                0x20000aa9                flag_pcs
                0x20000aac                pduSensorRaw
                0x20000ab4                pcsBatconvStatus
                0x20000ab8                esp32DataPack
                0x20000b14                flag_pdu
                0x20000b15                flag_pcsBlockIsStandby
                0x20000b16                mcuState
                0x20000b18                pduSensorAvg
                0x20000b2c                sysTickHandle
                0x20000b34                buffer
                0x20000c60                NTPdata
                0x20000d28                pcsMiscs
                0x20000d2c                rtcTime
                0x20000d30                pcsDCgridStatus
                0x20000d34                batPackData
                0x20000d3c                pcsPowers
                0x20000d44                pduSensor
                0x20000d54                btData
                0x20000d80                pcsSystemStatus
                0x20000d88                ocv
                0x20000d8c                flag_pdu_adc
                0x20000d90                soc_f
                0x20000d94                esp32HShake
                0x20000d9c                pcsBmsStatus
                0x20000da0                flag_esp32
                0x20000da4                buttonHShake
 *(.gnu.linkonce.b*)
                0x20000dac                . = ALIGN (0x4)
                0x20000dac                __bss_end = .
                0x20000db0                . = ALIGN (0x8)
 *fill*         0x20000dac        0x4 
                0x20000db0                Heap_Bank1_Start = .
                0x000006a4                __bss_size = (__bss_end - __bss_start)

.no_init        0x20003ffc        0x4 load address 0x00003eac
                0x20003ffc                Heap_Bank1_End = .
 *(.no_init)
 .no_init       0x20003ffc        0x4 ./Startup/system_XMC1400.o
                0x20003ffc                SystemCoreClock
                0x0000324c                Heap_Bank1_Size = (Heap_Bank1_End - Heap_Bank1_Start)
                0x00000001                ASSERT ((Heap_Bank1_Start <= Heap_Bank1_End), region SRAM overflowed no_init section)

/DISCARD/
 *(.comment)

.stab
 *(.stab)

.stabstr
 *(.stabstr)

.debug
 *(.debug)

.line
 *(.line)

.debug_srcinfo
 *(.debug_srcinfo)

.debug_sfnames
 *(.debug_sfnames)

.debug_aranges  0x00000000     0x1070
 *(.debug_aranges)
 .debug_aranges
                0x00000000       0x28 ./Startup/startup_XMC1400.o
 .debug_aranges
                0x00000028       0x40 ./Startup/system_XMC1400.o
 .debug_aranges
                0x00000068       0x28 ./Libraries/XMCLib/src/xmc1_eru.o
 .debug_aranges
                0x00000090       0x28 ./Libraries/XMCLib/src/xmc1_gpio.o
 .debug_aranges
                0x000000b8      0x150 ./Libraries/XMCLib/src/xmc1_scu.o
 .debug_aranges
                0x00000208      0x118 ./Libraries/XMCLib/src/xmc_can.o
 .debug_aranges
                0x00000320      0x128 ./Libraries/XMCLib/src/xmc_ccu4.o
 .debug_aranges
                0x00000448       0x88 ./Libraries/XMCLib/src/xmc_eru.o
 .debug_aranges
                0x000004d0       0xa8 ./Libraries/XMCLib/src/xmc_i2c.o
 .debug_aranges
                0x00000578       0xf0 ./Libraries/XMCLib/src/xmc_math.o
 .debug_aranges
                0x00000668       0x70 ./Libraries/XMCLib/src/xmc_uart.o
 .debug_aranges
                0x000006d8       0x90 ./Libraries/XMCLib/src/xmc_usic.o
 .debug_aranges
                0x00000768      0x2d8 ./Libraries/XMCLib/src/xmc_vadc.o
 .debug_aranges
                0x00000a40       0x28 ./Libraries/Newlib/syscalls.o
 .debug_aranges
                0x00000a68       0x60 ./DeviceOperation/operation/op_config.o
 .debug_aranges
                0x00000ac8       0xa8 ./DeviceOperation/interrupts/interrupt_handler.o
 .debug_aranges
                0x00000b70       0x18 ./DeviceOperation/GlobalVariable/global_var.o
 .debug_aranges
                0x00000b88       0x68 ./DeviceObject/rs232/rs232_operation.o
 .debug_aranges
                0x00000bf0       0x18 ./DeviceObject/rs232/rs232_operation_conf.o
 .debug_aranges
                0x00000c08       0x68 ./DeviceObject/pdu/pdu_operation.o
 .debug_aranges
                0x00000c70       0x18 ./DeviceObject/pdu/pdu_operation_conf.o
 .debug_aranges
                0x00000c88       0xb0 ./DeviceObject/pcs/pcs_operation.o
 .debug_aranges
                0x00000d38       0x18 ./DeviceObject/pcs/pcs_operation_conf.o
 .debug_aranges
                0x00000d50       0x70 ./DeviceObject/miscellaneous/misc_operation.o
 .debug_aranges
                0x00000dc0       0x18 ./DeviceObject/miscellaneous/misc_operation_conf.o
 .debug_aranges
                0x00000dd8       0x30 ./DeviceObject/mathfunction/mathfunc_operation.o
 .debug_aranges
                0x00000e08      0x110 ./DeviceObject/infotainment/info_operation.o
 .debug_aranges
                0x00000f18       0x18 ./DeviceObject/infotainment/info_operation_conf.o
 .debug_aranges
                0x00000f30       0x70 ./DeviceObject/geenix/geenix_operation.o
 .debug_aranges
                0x00000fa0       0x18 ./DeviceObject/geenix/geenix_operation_conf.o
 .debug_aranges
                0x00000fb8       0x70 ./DeviceObject/esp32/esp32_operation.o
 .debug_aranges
                0x00001028       0x18 ./DeviceObject/esp32/esp32_operation_conf.o
 .debug_aranges
                0x00001040       0x30 ./main.o

.debug_pubnames
 *(.debug_pubnames)

.debug_pubtypes
 *(.debug_pubtypes)

.debug_info     0x00000000    0x2648c
 *(.debug_info .gnu.linkonce.wi.*)
 .debug_info    0x00000000       0x7c ./Startup/startup_XMC1400.o
 .debug_info    0x0000007c      0x370 ./Startup/system_XMC1400.o
 .debug_info    0x000003ec      0x380 ./Libraries/XMCLib/src/xmc1_eru.o
 .debug_info    0x0000076c      0x438 ./Libraries/XMCLib/src/xmc1_gpio.o
 .debug_info    0x00000ba4     0x1434 ./Libraries/XMCLib/src/xmc1_scu.o
 .debug_info    0x00001fd8     0x128a ./Libraries/XMCLib/src/xmc_can.o
 .debug_info    0x00003262     0x1523 ./Libraries/XMCLib/src/xmc_ccu4.o
 .debug_info    0x00004785      0xa86 ./Libraries/XMCLib/src/xmc_eru.o
 .debug_info    0x0000520b      0xa30 ./Libraries/XMCLib/src/xmc_i2c.o
 .debug_info    0x00005c3b      0xc8a ./Libraries/XMCLib/src/xmc_math.o
 .debug_info    0x000068c5      0x863 ./Libraries/XMCLib/src/xmc_uart.o
 .debug_info    0x00007128      0xacf ./Libraries/XMCLib/src/xmc_usic.o
 .debug_info    0x00007bf7     0x369d ./Libraries/XMCLib/src/xmc_vadc.o
 .debug_info    0x0000b294      0x11f ./Libraries/Newlib/syscalls.o
 .debug_info    0x0000b3b3     0x2b68 ./DeviceOperation/operation/op_config.o
 .debug_info    0x0000df1b     0x3bd6 ./DeviceOperation/interrupts/interrupt_handler.o
 .debug_info    0x00011af1     0x25fb ./DeviceOperation/GlobalVariable/global_var.o
 .debug_info    0x000140ec     0x122c ./DeviceObject/rs232/rs232_operation.o
 .debug_info    0x00015318      0x373 ./DeviceObject/rs232/rs232_operation_conf.o
 .debug_info    0x0001568b     0x1b2d ./DeviceObject/pdu/pdu_operation.o
 .debug_info    0x000171b8      0xe4b ./DeviceObject/pdu/pdu_operation_conf.o
 .debug_info    0x00018003     0x3465 ./DeviceObject/pcs/pcs_operation.o
 .debug_info    0x0001b468      0x5f7 ./DeviceObject/pcs/pcs_operation_conf.o
 .debug_info    0x0001ba5f      0xbec ./DeviceObject/miscellaneous/misc_operation.o
 .debug_info    0x0001c64b      0x2f4 ./DeviceObject/miscellaneous/misc_operation_conf.o
 .debug_info    0x0001c93f      0xec9 ./DeviceObject/mathfunction/mathfunc_operation.o
 .debug_info    0x0001d808     0x2140 ./DeviceObject/infotainment/info_operation.o
 .debug_info    0x0001f948      0x65c ./DeviceObject/infotainment/info_operation_conf.o
 .debug_info    0x0001ffa4     0x1430 ./DeviceObject/geenix/geenix_operation.o
 .debug_info    0x000213d4      0x371 ./DeviceObject/geenix/geenix_operation_conf.o
 .debug_info    0x00021745     0x1fed ./DeviceObject/esp32/esp32_operation.o
 .debug_info    0x00023732      0x35f ./DeviceObject/esp32/esp32_operation_conf.o
 .debug_info    0x00023a91     0x29fb ./main.o

.debug_abbrev   0x00000000     0x39a5
 *(.debug_abbrev)
 .debug_abbrev  0x00000000       0x12 ./Startup/startup_XMC1400.o
 .debug_abbrev  0x00000012      0x115 ./Startup/system_XMC1400.o
 .debug_abbrev  0x00000127      0x119 ./Libraries/XMCLib/src/xmc1_eru.o
 .debug_abbrev  0x00000240       0xdf ./Libraries/XMCLib/src/xmc1_gpio.o
 .debug_abbrev  0x0000031f      0x244 ./Libraries/XMCLib/src/xmc1_scu.o
 .debug_abbrev  0x00000563      0x2dd ./Libraries/XMCLib/src/xmc_can.o
 .debug_abbrev  0x00000840      0x1eb ./Libraries/XMCLib/src/xmc_ccu4.o
 .debug_abbrev  0x00000a2b      0x1d7 ./Libraries/XMCLib/src/xmc_eru.o
 .debug_abbrev  0x00000c02      0x26f ./Libraries/XMCLib/src/xmc_i2c.o
 .debug_abbrev  0x00000e71      0x24a ./Libraries/XMCLib/src/xmc_math.o
 .debug_abbrev  0x000010bb      0x1ed ./Libraries/XMCLib/src/xmc_uart.o
 .debug_abbrev  0x000012a8      0x1da ./Libraries/XMCLib/src/xmc_usic.o
 .debug_abbrev  0x00001482      0x25e ./Libraries/XMCLib/src/xmc_vadc.o
 .debug_abbrev  0x000016e0       0xbd ./Libraries/Newlib/syscalls.o
 .debug_abbrev  0x0000179d      0x279 ./DeviceOperation/operation/op_config.o
 .debug_abbrev  0x00001a16      0x307 ./DeviceOperation/interrupts/interrupt_handler.o
 .debug_abbrev  0x00001d1d      0x1b5 ./DeviceOperation/GlobalVariable/global_var.o
 .debug_abbrev  0x00001ed2      0x203 ./DeviceObject/rs232/rs232_operation.o
 .debug_abbrev  0x000020d5       0xa7 ./DeviceObject/rs232/rs232_operation_conf.o
 .debug_abbrev  0x0000217c      0x214 ./DeviceObject/pdu/pdu_operation.o
 .debug_abbrev  0x00002390      0x141 ./DeviceObject/pdu/pdu_operation_conf.o
 .debug_abbrev  0x000024d1      0x2be ./DeviceObject/pcs/pcs_operation.o
 .debug_abbrev  0x0000278f      0x16e ./DeviceObject/pcs/pcs_operation_conf.o
 .debug_abbrev  0x000028fd      0x1d1 ./DeviceObject/miscellaneous/misc_operation.o
 .debug_abbrev  0x00002ace       0xe4 ./DeviceObject/miscellaneous/misc_operation_conf.o
 .debug_abbrev  0x00002bb2      0x19a ./DeviceObject/mathfunction/mathfunc_operation.o
 .debug_abbrev  0x00002d4c      0x30c ./DeviceObject/infotainment/info_operation.o
 .debug_abbrev  0x00003058      0x12d ./DeviceObject/infotainment/info_operation_conf.o
 .debug_abbrev  0x00003185      0x287 ./DeviceObject/geenix/geenix_operation.o
 .debug_abbrev  0x0000340c       0x96 ./DeviceObject/geenix/geenix_operation_conf.o
 .debug_abbrev  0x000034a2      0x23d ./DeviceObject/esp32/esp32_operation.o
 .debug_abbrev  0x000036df       0x96 ./DeviceObject/esp32/esp32_operation_conf.o
 .debug_abbrev  0x00003775      0x230 ./main.o

.debug_line     0x00000000     0x9b59
 *(.debug_line)
 .debug_line    0x00000000       0xe2 ./Startup/startup_XMC1400.o
 .debug_line    0x000000e2      0x271 ./Startup/system_XMC1400.o
 .debug_line    0x00000353      0x210 ./Libraries/XMCLib/src/xmc1_eru.o
 .debug_line    0x00000563      0x235 ./Libraries/XMCLib/src/xmc1_gpio.o
 .debug_line    0x00000798      0x63c ./Libraries/XMCLib/src/xmc1_scu.o
 .debug_line    0x00000dd4      0x6d0 ./Libraries/XMCLib/src/xmc_can.o
 .debug_line    0x000014a4      0x608 ./Libraries/XMCLib/src/xmc_ccu4.o
 .debug_line    0x00001aac      0x2fe ./Libraries/XMCLib/src/xmc_eru.o
 .debug_line    0x00001daa      0x3d3 ./Libraries/XMCLib/src/xmc_i2c.o
 .debug_line    0x0000217d      0x5cc ./Libraries/XMCLib/src/xmc_math.o
 .debug_line    0x00002749      0x38b ./Libraries/XMCLib/src/xmc_uart.o
 .debug_line    0x00002ad4      0x42f ./Libraries/XMCLib/src/xmc_usic.o
 .debug_line    0x00002f03      0xc21 ./Libraries/XMCLib/src/xmc_vadc.o
 .debug_line    0x00003b24      0x110 ./Libraries/Newlib/syscalls.o
 .debug_line    0x00003c34      0x81f ./DeviceOperation/operation/op_config.o
 .debug_line    0x00004453      0x960 ./DeviceOperation/interrupts/interrupt_handler.o
 .debug_line    0x00004db3      0x62f ./DeviceOperation/GlobalVariable/global_var.o
 .debug_line    0x000053e2      0x414 ./DeviceObject/rs232/rs232_operation.o
 .debug_line    0x000057f6      0x29f ./DeviceObject/rs232/rs232_operation_conf.o
 .debug_line    0x00005a95      0x449 ./DeviceObject/pdu/pdu_operation.o
 .debug_line    0x00005ede      0x28d ./DeviceObject/pdu/pdu_operation_conf.o
 .debug_line    0x0000616b      0x986 ./DeviceObject/pcs/pcs_operation.o
 .debug_line    0x00006af1      0x299 ./DeviceObject/pcs/pcs_operation_conf.o
 .debug_line    0x00006d8a      0x419 ./DeviceObject/miscellaneous/misc_operation.o
 .debug_line    0x000071a3      0x289 ./DeviceObject/miscellaneous/misc_operation_conf.o
 .debug_line    0x0000742c      0x3b3 ./DeviceObject/mathfunction/mathfunc_operation.o
 .debug_line    0x000077df      0xa62 ./DeviceObject/infotainment/info_operation.o
 .debug_line    0x00008241      0x2b1 ./DeviceObject/infotainment/info_operation_conf.o
 .debug_line    0x000084f2      0x513 ./DeviceObject/geenix/geenix_operation.o
 .debug_line    0x00008a05      0x228 ./DeviceObject/geenix/geenix_operation_conf.o
 .debug_line    0x00008c2d      0x562 ./DeviceObject/esp32/esp32_operation.o
 .debug_line    0x0000918f      0x226 ./DeviceObject/esp32/esp32_operation_conf.o
 .debug_line    0x000093b5      0x7a4 ./main.o

.debug_frame    0x00000000     0x37dc
 *(.debug_frame)
 .debug_frame   0x00000000       0x9c ./Startup/system_XMC1400.o
 .debug_frame   0x0000009c       0x50 ./Libraries/XMCLib/src/xmc1_eru.o
 .debug_frame   0x000000ec       0x58 ./Libraries/XMCLib/src/xmc1_gpio.o
 .debug_frame   0x00000144      0x4fc ./Libraries/XMCLib/src/xmc1_scu.o
 .debug_frame   0x00000640      0x418 ./Libraries/XMCLib/src/xmc_can.o
 .debug_frame   0x00000a58      0x458 ./Libraries/XMCLib/src/xmc_ccu4.o
 .debug_frame   0x00000eb0      0x1f0 ./Libraries/XMCLib/src/xmc_eru.o
 .debug_frame   0x000010a0      0x250 ./Libraries/XMCLib/src/xmc_i2c.o
 .debug_frame   0x000012f0      0x380 ./Libraries/XMCLib/src/xmc_math.o
 .debug_frame   0x00001670      0x170 ./Libraries/XMCLib/src/xmc_uart.o
 .debug_frame   0x000017e0      0x1f0 ./Libraries/XMCLib/src/xmc_usic.o
 .debug_frame   0x000019d0      0xb14 ./Libraries/XMCLib/src/xmc_vadc.o
 .debug_frame   0x000024e4       0x4c ./Libraries/Newlib/syscalls.o
 .debug_frame   0x00002530      0x130 ./DeviceOperation/operation/op_config.o
 .debug_frame   0x00002660      0x244 ./DeviceOperation/interrupts/interrupt_handler.o
 .debug_frame   0x000028a4      0x154 ./DeviceObject/rs232/rs232_operation.o
 .debug_frame   0x000029f8      0x14c ./DeviceObject/pdu/pdu_operation.o
 .debug_frame   0x00002b44      0x274 ./DeviceObject/pcs/pcs_operation.o
 .debug_frame   0x00002db8      0x174 ./DeviceObject/miscellaneous/misc_operation.o
 .debug_frame   0x00002f2c       0x70 ./DeviceObject/mathfunction/mathfunc_operation.o
 .debug_frame   0x00002f9c      0x3fc ./DeviceObject/infotainment/info_operation.o
 .debug_frame   0x00003398      0x174 ./DeviceObject/geenix/geenix_operation.o
 .debug_frame   0x0000350c      0x174 ./DeviceObject/esp32/esp32_operation.o
 .debug_frame   0x00003680       0x7c ./main.o
 .debug_frame   0x000036fc       0x2c d:/software/dave_4-4-2_64bit_2018-02-23/dave_4-4-2_64bit_2018-02-23/dave-ide-4.4.2-64bit/dave-ide-4.4.2-64bit/eclipse/arm-gcc-49/bin/../lib/gcc/arm-none-eabi/4.9.3/armv6-m\libgcc.a(eqsf2.o)
 .debug_frame   0x00003728       0x30 d:/software/dave_4-4-2_64bit_2018-02-23/dave_4-4-2_64bit_2018-02-23/dave-ide-4.4.2-64bit/dave-ide-4.4.2-64bit/eclipse/arm-gcc-49/bin/../lib/gcc/arm-none-eabi/4.9.3/armv6-m\libgcc.a(gesf2.o)
 .debug_frame   0x00003758       0x30 d:/software/dave_4-4-2_64bit_2018-02-23/dave_4-4-2_64bit_2018-02-23/dave-ide-4.4.2-64bit/dave-ide-4.4.2-64bit/eclipse/arm-gcc-49/bin/../lib/gcc/arm-none-eabi/4.9.3/armv6-m\libgcc.a(lesf2.o)
 .debug_frame   0x00003788       0x2c d:/software/dave_4-4-2_64bit_2018-02-23/dave_4-4-2_64bit_2018-02-23/dave-ide-4.4.2-64bit/dave-ide-4.4.2-64bit/eclipse/arm-gcc-49/bin/../lib/gcc/arm-none-eabi/4.9.3/../../../../arm-none-eabi/lib/armv6-m\libg_nano.a(lib_a-init.o)
 .debug_frame   0x000037b4       0x28 d:/software/dave_4-4-2_64bit_2018-02-23/dave_4-4-2_64bit_2018-02-23/dave-ide-4.4.2-64bit/dave-ide-4.4.2-64bit/eclipse/arm-gcc-49/bin/../lib/gcc/arm-none-eabi/4.9.3/../../../../arm-none-eabi/lib/armv6-m\libg_nano.a(lib_a-memcpy.o)

.debug_str      0x00000000     0xcda9
 *(.debug_str)
 .debug_str     0x00000000      0x2ae ./Startup/system_XMC1400.o
                                0x2ff (size before relaxing)
 .debug_str     0x000002ae       0xc0 ./Libraries/XMCLib/src/xmc1_eru.o
                                0x269 (size before relaxing)
 .debug_str     0x0000036e      0x691 ./Libraries/XMCLib/src/xmc1_gpio.o
                                0x877 (size before relaxing)
 .debug_str     0x000009ff     0x1f71 ./Libraries/XMCLib/src/xmc1_scu.o
                               0x2263 (size before relaxing)
 .debug_str     0x00002970      0xb80 ./Libraries/XMCLib/src/xmc_can.o
                               0x1018 (size before relaxing)
 .debug_str     0x000034f0     0x14e0 ./Libraries/XMCLib/src/xmc_ccu4.o
                               0x192e (size before relaxing)
 .debug_str     0x000049d0      0x9c5 ./Libraries/XMCLib/src/xmc_eru.o
                                0xc27 (size before relaxing)
 .debug_str     0x00005395      0xa07 ./Libraries/XMCLib/src/xmc_i2c.o
                                0xc37 (size before relaxing)
 .debug_str     0x00005d9c      0x6fa ./Libraries/XMCLib/src/xmc_math.o
                                0x91b (size before relaxing)
 .debug_str     0x00006496      0x59b ./Libraries/XMCLib/src/xmc_uart.o
                                0xaa7 (size before relaxing)
 .debug_str     0x00006a31      0x955 ./Libraries/XMCLib/src/xmc_usic.o
                                0xf07 (size before relaxing)
 .debug_str     0x00007386     0x28a0 ./Libraries/XMCLib/src/xmc_vadc.o
                               0x2db4 (size before relaxing)
 .debug_str     0x00009c26       0x6a ./Libraries/Newlib/syscalls.o
                                0x1f6 (size before relaxing)
 .debug_str     0x00009c90     0x1657 ./DeviceOperation/operation/op_config.o
                               0x2bee (size before relaxing)
 .debug_str     0x0000b2e7      0x449 ./DeviceOperation/interrupts/interrupt_handler.o
                               0x36c0 (size before relaxing)
 .debug_str     0x0000b730       0x3b ./DeviceOperation/GlobalVariable/global_var.o
                               0x295c (size before relaxing)
 .debug_str     0x0000b76b      0x432 ./DeviceObject/rs232/rs232_operation.o
                               0x295c (size before relaxing)
 .debug_str     0x0000bb9d       0x2d ./DeviceObject/rs232/rs232_operation_conf.o
                                0xab0 (size before relaxing)
 .debug_str     0x0000bbca      0x118 ./DeviceObject/pdu/pdu_operation.o
                               0x173e (size before relaxing)
 .debug_str     0x0000bce2      0x223 ./DeviceObject/pdu/pdu_operation_conf.o
                               0x15c5 (size before relaxing)
 .debug_str     0x0000bf05      0x39e ./DeviceObject/pcs/pcs_operation.o
                               0x41fa (size before relaxing)
 .debug_str     0x0000c2a3       0xdc ./DeviceObject/pcs/pcs_operation_conf.o
                                0xb58 (size before relaxing)
 .debug_str     0x0000c37f      0x30f ./DeviceObject/miscellaneous/misc_operation.o
                                0xdef (size before relaxing)
 .debug_str     0x0000c68e       0x9b ./DeviceObject/miscellaneous/misc_operation_conf.o
                                0x7b5 (size before relaxing)
 .debug_str     0x0000c729       0xb6 ./DeviceObject/mathfunction/mathfunc_operation.o
                               0x10cb (size before relaxing)
 .debug_str     0x0000c7df      0x37c ./DeviceObject/infotainment/info_operation.o
                               0x2a3f (size before relaxing)
 .debug_str     0x0000cb5b       0x33 ./DeviceObject/infotainment/info_operation_conf.o
                               0x1069 (size before relaxing)
 .debug_str     0x0000cb8e      0x114 ./DeviceObject/geenix/geenix_operation.o
                               0x27f9 (size before relaxing)
 .debug_str     0x0000cca2       0x2f ./DeviceObject/geenix/geenix_operation_conf.o
                                0xab1 (size before relaxing)
 .debug_str     0x0000ccd1       0x6f ./DeviceObject/esp32/esp32_operation.o
                               0x3419 (size before relaxing)
 .debug_str     0x0000cd40       0x2d ./DeviceObject/esp32/esp32_operation_conf.o
                                0xa9a (size before relaxing)
 .debug_str     0x0000cd6d       0x3c ./main.o
                               0x2c47 (size before relaxing)

.debug_loc      0x00000000     0x5b24
 *(.debug_loc)
 .debug_loc     0x00000000       0xdc ./Startup/system_XMC1400.o
 .debug_loc     0x000000dc       0x70 ./Libraries/XMCLib/src/xmc1_eru.o
 .debug_loc     0x0000014c       0x70 ./Libraries/XMCLib/src/xmc1_gpio.o
 .debug_loc     0x000001bc      0x806 ./Libraries/XMCLib/src/xmc1_scu.o
 .debug_loc     0x000009c2      0x704 ./Libraries/XMCLib/src/xmc_can.o
 .debug_loc     0x000010c6      0x770 ./Libraries/XMCLib/src/xmc_ccu4.o
 .debug_loc     0x00001836      0x310 ./Libraries/XMCLib/src/xmc_eru.o
 .debug_loc     0x00001b46      0x3f0 ./Libraries/XMCLib/src/xmc_i2c.o
 .debug_loc     0x00001f36      0x5ec ./Libraries/XMCLib/src/xmc_math.o
 .debug_loc     0x00002522      0x268 ./Libraries/XMCLib/src/xmc_uart.o
 .debug_loc     0x0000278a      0x34a ./Libraries/XMCLib/src/xmc_usic.o
 .debug_loc     0x00002ad4     0x1328 ./Libraries/XMCLib/src/xmc_vadc.o
 .debug_loc     0x00003dfc       0x64 ./Libraries/Newlib/syscalls.o
 .debug_loc     0x00003e60      0x1f8 ./DeviceOperation/operation/op_config.o
 .debug_loc     0x00004058      0x39c ./DeviceOperation/interrupts/interrupt_handler.o
 .debug_loc     0x000043f4      0x224 ./DeviceObject/rs232/rs232_operation.o
 .debug_loc     0x00004618      0x20c ./DeviceObject/pdu/pdu_operation.o
 .debug_loc     0x00004824      0x41c ./DeviceObject/pcs/pcs_operation.o
 .debug_loc     0x00004c40      0x25c ./DeviceObject/miscellaneous/misc_operation.o
 .debug_loc     0x00004e9c       0xa8 ./DeviceObject/mathfunction/mathfunc_operation.o
 .debug_loc     0x00004f44      0x680 ./DeviceObject/infotainment/info_operation.o
 .debug_loc     0x000055c4      0x25c ./DeviceObject/geenix/geenix_operation.o
 .debug_loc     0x00005820      0x25c ./DeviceObject/esp32/esp32_operation.o
 .debug_loc     0x00005a7c       0xa8 ./main.o

.debug_macinfo
 *(.debug_macinfo)

.debug_ranges   0x00000000      0xe28
 *(.debug_ranges)
 .debug_ranges  0x00000000       0x20 ./Startup/startup_XMC1400.o
 .debug_ranges  0x00000020       0x30 ./Startup/system_XMC1400.o
 .debug_ranges  0x00000050       0x18 ./Libraries/XMCLib/src/xmc1_eru.o
 .debug_ranges  0x00000068       0x18 ./Libraries/XMCLib/src/xmc1_gpio.o
 .debug_ranges  0x00000080      0x140 ./Libraries/XMCLib/src/xmc1_scu.o
 .debug_ranges  0x000001c0      0x108 ./Libraries/XMCLib/src/xmc_can.o
 .debug_ranges  0x000002c8      0x118 ./Libraries/XMCLib/src/xmc_ccu4.o
 .debug_ranges  0x000003e0       0x78 ./Libraries/XMCLib/src/xmc_eru.o
 .debug_ranges  0x00000458       0x98 ./Libraries/XMCLib/src/xmc_i2c.o
 .debug_ranges  0x000004f0       0xe0 ./Libraries/XMCLib/src/xmc_math.o
 .debug_ranges  0x000005d0       0x60 ./Libraries/XMCLib/src/xmc_uart.o
 .debug_ranges  0x00000630       0x80 ./Libraries/XMCLib/src/xmc_usic.o
 .debug_ranges  0x000006b0      0x2c8 ./Libraries/XMCLib/src/xmc_vadc.o
 .debug_ranges  0x00000978       0x18 ./Libraries/Newlib/syscalls.o
 .debug_ranges  0x00000990       0x50 ./DeviceOperation/operation/op_config.o
 .debug_ranges  0x000009e0       0x98 ./DeviceOperation/interrupts/interrupt_handler.o
 .debug_ranges  0x00000a78       0x58 ./DeviceObject/rs232/rs232_operation.o
 .debug_ranges  0x00000ad0       0x58 ./DeviceObject/pdu/pdu_operation.o
 .debug_ranges  0x00000b28       0xa0 ./DeviceObject/pcs/pcs_operation.o
 .debug_ranges  0x00000bc8       0x60 ./DeviceObject/miscellaneous/misc_operation.o
 .debug_ranges  0x00000c28       0x20 ./DeviceObject/mathfunction/mathfunc_operation.o
 .debug_ranges  0x00000c48      0x100 ./DeviceObject/infotainment/info_operation.o
 .debug_ranges  0x00000d48       0x60 ./DeviceObject/geenix/geenix_operation.o
 .debug_ranges  0x00000da8       0x60 ./DeviceObject/esp32/esp32_operation.o
 .debug_ranges  0x00000e08       0x20 ./main.o

.debug_weaknames
 *(.debug_weaknames)

.debug_funcnames
 *(.debug_funcnames)

.debug_typenames
 *(.debug_typenames)

.debug_varnames
 *(.debug_varnames)

.build_attributes
                0x00000000      0x73b
 *(.ARM.attributes)
 .ARM.attributes
                0x00000000       0x21 ./Startup/startup_XMC1400.o
 .ARM.attributes
                0x00000021       0x31 ./Startup/system_XMC1400.o
 .ARM.attributes
                0x00000052       0x31 ./Libraries/XMCLib/src/xmc1_eru.o
 .ARM.attributes
                0x00000083       0x31 ./Libraries/XMCLib/src/xmc1_gpio.o
 .ARM.attributes
                0x000000b4       0x31 ./Libraries/XMCLib/src/xmc1_scu.o
 .ARM.attributes
                0x000000e5       0x31 ./Libraries/XMCLib/src/xmc_can.o
 .ARM.attributes
                0x00000116       0x31 ./Libraries/XMCLib/src/xmc_ccu4.o
 .ARM.attributes
                0x00000147       0x31 ./Libraries/XMCLib/src/xmc_eru.o
 .ARM.attributes
                0x00000178       0x31 ./Libraries/XMCLib/src/xmc_i2c.o
 .ARM.attributes
                0x000001a9       0x31 ./Libraries/XMCLib/src/xmc_math.o
 .ARM.attributes
                0x000001da       0x31 ./Libraries/XMCLib/src/xmc_uart.o
 .ARM.attributes
                0x0000020b       0x31 ./Libraries/XMCLib/src/xmc_usic.o
 .ARM.attributes
                0x0000023c       0x31 ./Libraries/XMCLib/src/xmc_vadc.o
 .ARM.attributes
                0x0000026d       0x31 ./Libraries/Newlib/syscalls.o
 .ARM.attributes
                0x0000029e       0x31 ./DeviceOperation/operation/op_config.o
 .ARM.attributes
                0x000002cf       0x31 ./DeviceOperation/interrupts/interrupt_handler.o
 .ARM.attributes
                0x00000300       0x31 ./DeviceOperation/GlobalVariable/global_var.o
 .ARM.attributes
                0x00000331       0x31 ./DeviceObject/rs232/rs232_operation.o
 .ARM.attributes
                0x00000362       0x31 ./DeviceObject/rs232/rs232_operation_conf.o
 .ARM.attributes
                0x00000393       0x31 ./DeviceObject/pdu/pdu_operation.o
 .ARM.attributes
                0x000003c4       0x31 ./DeviceObject/pdu/pdu_operation_conf.o
 .ARM.attributes
                0x000003f5       0x31 ./DeviceObject/pcs/pcs_operation.o
 .ARM.attributes
                0x00000426       0x31 ./DeviceObject/pcs/pcs_operation_conf.o
 .ARM.attributes
                0x00000457       0x31 ./DeviceObject/miscellaneous/misc_operation.o
 .ARM.attributes
                0x00000488       0x31 ./DeviceObject/miscellaneous/misc_operation_conf.o
 .ARM.attributes
                0x000004b9       0x31 ./DeviceObject/mathfunction/mathfunc_operation.o
 .ARM.attributes
                0x000004ea       0x31 ./DeviceObject/infotainment/info_operation.o
 .ARM.attributes
                0x0000051b       0x31 ./DeviceObject/infotainment/info_operation_conf.o
 .ARM.attributes
                0x0000054c       0x31 ./DeviceObject/geenix/geenix_operation.o
 .ARM.attributes
                0x0000057d       0x31 ./DeviceObject/geenix/geenix_operation_conf.o
 .ARM.attributes
                0x000005ae       0x31 ./DeviceObject/esp32/esp32_operation.o
 .ARM.attributes
                0x000005df       0x31 ./DeviceObject/esp32/esp32_operation_conf.o
 .ARM.attributes
                0x00000610       0x31 ./main.o
 .ARM.attributes
                0x00000641       0x1e d:/software/dave_4-4-2_64bit_2018-02-23/dave_4-4-2_64bit_2018-02-23/dave-ide-4.4.2-64bit/dave-ide-4.4.2-64bit/eclipse/arm-gcc-49/bin/../lib/gcc/arm-none-eabi/4.9.3/armv6-m\libgcc.a(_arm_cmpsf2.o)
 .ARM.attributes
                0x0000065f       0x2c d:/software/dave_4-4-2_64bit_2018-02-23/dave_4-4-2_64bit_2018-02-23/dave-ide-4.4.2-64bit/dave-ide-4.4.2-64bit/eclipse/arm-gcc-49/bin/../lib/gcc/arm-none-eabi/4.9.3/armv6-m\libgcc.a(eqsf2.o)
 .ARM.attributes
                0x0000068b       0x2c d:/software/dave_4-4-2_64bit_2018-02-23/dave_4-4-2_64bit_2018-02-23/dave-ide-4.4.2-64bit/dave-ide-4.4.2-64bit/eclipse/arm-gcc-49/bin/../lib/gcc/arm-none-eabi/4.9.3/armv6-m\libgcc.a(gesf2.o)
 .ARM.attributes
                0x000006b7       0x2c d:/software/dave_4-4-2_64bit_2018-02-23/dave_4-4-2_64bit_2018-02-23/dave-ide-4.4.2-64bit/dave-ide-4.4.2-64bit/eclipse/arm-gcc-49/bin/../lib/gcc/arm-none-eabi/4.9.3/armv6-m\libgcc.a(lesf2.o)
 .ARM.attributes
                0x000006e3       0x2c d:/software/dave_4-4-2_64bit_2018-02-23/dave_4-4-2_64bit_2018-02-23/dave-ide-4.4.2-64bit/dave-ide-4.4.2-64bit/eclipse/arm-gcc-49/bin/../lib/gcc/arm-none-eabi/4.9.3/../../../../arm-none-eabi/lib/armv6-m\libg_nano.a(lib_a-init.o)
 .ARM.attributes
                0x0000070f       0x2c d:/software/dave_4-4-2_64bit_2018-02-23/dave_4-4-2_64bit_2018-02-23/dave-ide-4.4.2-64bit/dave-ide-4.4.2-64bit/eclipse/arm-gcc-49/bin/../lib/gcc/arm-none-eabi/4.9.3/../../../../arm-none-eabi/lib/armv6-m\libg_nano.a(lib_a-memcpy.o)
OUTPUT(SOLAR_TOWER.elf elf32-littlearm)
